 Control_Mov_PI_Digilent_slrt

 Timestamp is 65fc6c63 (Thu Mar 21 18:20:35 2024)

 Preferred load address is 10000000

 Start         Length     Name                   Class
 0001:00000000 0003d249H .text$mn                CODE
 0002:00000000 00000104H .CRT$XCA                DATA
 0002:00000104 00000104H .CRT$XCZ                DATA
 0002:00000208 00000104H .CRT$XIA                DATA
 0002:0000030c 00000113H .CRT$XIC                DATA
 0002:00000420 00000104H .CRT$XIZ                DATA
 0002:00000524 00000104H .CRT$XPA                DATA
 0002:00000628 00000109H .CRT$XPX                DATA
 0002:00000734 00000104H .CRT$XPXA               DATA
 0002:00000838 00000104H .CRT$XPZ                DATA
 0002:0000093c 00000104H .CRT$XTA                DATA
 0002:00000a40 00000104H .CRT$XTZ                DATA
 0002:00000b50 0000a792H .rdata                  DATA
 0002:0000b2e4 000001e1H .rdata$debug            DATA
 0002:0000b4d0 0000010eH .rdata$sxdata           DATA
 0002:0000b5e0 00000104H .rtc$IAA                DATA
 0002:0000b6e4 00000104H .rtc$IZZ                DATA
 0002:0000b7e8 00000104H .rtc$TAA                DATA
 0002:0000b8ec 00000104H .rtc$TZZ                DATA
 0002:0000b9f0 00000991H .xdata$x                DATA
 0002:0000c390 00000212H .edata                  DATA
 0003:00000000 000024cdH .data                   DATA
 0003:000024e0 00015104H .bss                    DATA
 0004:00000000 000001b0H .idata$5                DATA
 0004:000001b0 00000014H .idata$2                DATA
 0004:000001c4 00000014H .idata$3                DATA
 0004:000001d8 000001b0H .idata$4                DATA
 0004:00000388 0000076bH .idata$6                DATA

  Address         Publics by Value              Rva+Base       Lib:Object

 0000:00000000       ___guard_flags             00000000     <absolute>
 0000:00000000       ___guard_fids_count        00000000     <absolute>
 0000:00000000       __except_list              00000000     <absolute>
 0000:00000000       ___guard_fids_table        00000000     <absolute>
 0000:00000003       ___safe_se_handler_count   00000003     <absolute>
 0000:00000000       ___ImageBase               10000000     <linker-defined>
 0001:000004b0       _Control_Mov_PI_Digilent   100014b0 f   Control_Mov_PI_Digilent.obj
 0001:00001010       _Control_Mov_PI_Digilent_derivatives 10002010 f   Control_Mov_PI_Digilent.obj
 0001:00001030       _Control_Mov_PI_Digilent_initialize 10002030 f   Control_Mov_PI_Digilent.obj
 0001:00001ab0       _Control_Mov_PI_Digilent_output 10002ab0 f   Control_Mov_PI_Digilent.obj
 0001:00001ee0       _Control_Mov_PI_Digilent_terminate 10002ee0 f   Control_Mov_PI_Digilent.obj
 0001:00001f10       _Control_Mov_PI_Digilent_update 10002f10 f   Control_Mov_PI_Digilent.obj
 0001:00002060       _MdlInitialize             10003060 f   Control_Mov_PI_Digilent.obj
 0001:00002070       _MdlInitializeSampleTimes  10003070 f   Control_Mov_PI_Digilent.obj
 0001:00002080       _MdlInitializeSizes        10003080 f   Control_Mov_PI_Digilent.obj
 0001:00002090       _MdlOutputs                10003090 f   Control_Mov_PI_Digilent.obj
 0001:000020a0       _MdlStart                  100030a0 f   Control_Mov_PI_Digilent.obj
 0001:000020b0       _MdlTerminate              100030b0 f   Control_Mov_PI_Digilent.obj
 0001:000020e0       _MdlUpdate                 100030e0 f   Control_Mov_PI_Digilent.obj
 0001:000020f0       _rt_ODECreateIntegrationData 100030f0 f   Control_Mov_PI_Digilent.obj
 0001:00002100       _rt_ODEDestroyIntegrationData 10003100 f   Control_Mov_PI_Digilent.obj
 0001:00002110       _rt_ODEUpdateContinuousStates 10003110 f   Control_Mov_PI_Digilent.obj
 0001:00002340       _rt_mxCreateCharMatrixFromStrings 10003340 f   rt_matrx.obj
 0001:00002490       _rt_mxCreateDoubleMatrix   10003490 f   rt_matrx.obj
 0001:000024f0       _rt_mxCreateNumericArray   100034f0 f   rt_matrx.obj
 0001:00002570       _rt_mxCreateString         10003570 f   rt_matrx.obj
 0001:00002600       _rt_mxDuplicateArray       10003600 f   rt_matrx.obj
 0001:00002660       _rt_mxGetDimensions        10003660 f   rt_matrx.obj
 0001:000026a0       _rt_mxGetEps               100036a0 f   rt_matrx.obj
 0001:000026b0       _rt_mxGetString            100036b0 f   rt_matrx.obj
 0001:00002730       _rtPrintfNoOp              10003730 f   rt_printf.obj
 0001:00003050       _rt_CreateLogVar           10004050 f   rt_logging.obj
 0001:000030e0       _rt_CreateLogVarWithConvert 100040e0 f   rt_logging.obj
 0001:00003a60       _rt_CreateStructLogVar     10004a60 f   rt_logging.obj
 0001:000047d0       _rt_GetMxIdFromDTypeId     100057d0 f   rt_logging.obj
 0001:00004800       _rt_GetMxIdFromDTypeIdForRSim 10005800 f   rt_logging.obj
 0001:00007150       _rt_StartDataLogging       10008150 f   rt_logging.obj
 0001:00007610       _rt_StartDataLoggingWithStartTime 10008610 f   rt_logging.obj
 0001:00007f70       _rt_StopDataLogging        10008f70 f   rt_logging.obj
 0001:00007f90       _rt_StopDataLoggingImpl    10008f90 f   rt_logging.obj
 0001:000082b0       _rt_UpdateLogVar           100092b0 f   rt_logging.obj
 0001:00009670       _rt_UpdateStructLogVar     1000a670 f   rt_logging.obj
 0001:00009700       _rt_UpdateTXXFYLogVars     1000a700 f   rt_logging.obj
 0001:00009b90       _rt_UpdateTXYLogVars       1000ab90 f   rt_logging.obj
 0001:00009de0       _rt_getTempMemory          1000ade0 f   rt_logging.obj
 0001:00009e20       _Control_Mov_PI_Digilent_GetCAPIStaticMap 1000ae20 f   Control_Mov_PI_Digilent_capi.obj
 0001:00009e30       _Control_Mov_PI_Digilent_InitializeDataMapInfo 1000ae30 f   Control_Mov_PI_Digilent_capi.obj
 0001:00009f00       _mdlXcp_GetMdlXcpInfo      1000af00 f   Control_Mov_PI_Digilent_xcp.obj
 0001:00009f10       _SLRT_update_TET           1000af10 f   Control_Mov_PI_Digilent_xcp_TET.obj
 0001:00009fe0       _rtGetInf                  1000afe0 f   rtGetInf.obj
 0001:0000a010       _rtGetInfF                 1000b010 f   rtGetInf.obj
 0001:0000a030       _rtGetMinusInf             1000b030 f   rtGetInf.obj
 0001:0000a060       _rtGetMinusInfF            1000b060 f   rtGetInf.obj
 0001:0000a080       _rtGetNaN                  1000b080 f   rtGetNaN.obj
 0001:0000a0b0       _rtGetNaNF                 1000b0b0 f   rtGetNaN.obj
 0001:0000a0d0       _rtIsInf                   1000b0d0 f   rt_nonfinite.obj
 0001:0000a110       _rtIsInfF                  1000b110 f   rt_nonfinite.obj
 0001:0000a150       _rtIsNaN                   1000b150 f   rt_nonfinite.obj
 0001:0000a170       _rtIsNaNF                  1000b170 f   rt_nonfinite.obj
 0001:0000a190       _rt_InitInfAndNaN          1000b190 f   rt_nonfinite.obj
 0001:0000a1f0       _rt_CleanUpForStateLogWithMMI 1000b1f0 f   rt_logging_mmi.obj
 0001:0000a300       _rt_FillStateSigInfoFromMMI 1000b300 f   rt_logging_mmi.obj
 0001:0000a6b0       _rtwCAPI_CountSysRan       1000b6b0 f   rtw_modelmap_utils.obj
 0001:0000a750       _rtwCAPI_EncodePath        1000b750 f   rtw_modelmap_utils.obj
 0001:0000a840       _rtwCAPI_FillSysRan        1000b840 f   rtw_modelmap_utils.obj
 0001:0000a930       _rtwCAPI_FreeFullPaths     1000b930 f   rtw_modelmap_utils.obj
 0001:0000a9c0       _rtwCAPI_GetFullStateBlockPath 1000b9c0 f   rtw_modelmap_utils.obj
 0001:0000ab70       _rtwCAPI_GetNumContStateRecords 1000bb70 f   rtw_modelmap_utils.obj
 0001:0000ac30       _rtwCAPI_GetNumSigLogRecords 1000bc30 f   rtw_modelmap_utils.obj
 0001:0000ac80       _rtwCAPI_GetNumSigLogRecordsForRTWLogging 1000bc80 f   rtw_modelmap_utils.obj
 0001:0000ad10       _rtwCAPI_GetNumStateRecords 1000bd10 f   rtw_modelmap_utils.obj
 0001:0000ad60       _rtwCAPI_GetNumStateRecordsForRTWLogging 1000bd60 f   rtw_modelmap_utils.obj
 0001:0000adf0       _rtwCAPI_GetSigAddrFromMap 1000bdf0 f   rtw_modelmap_utils.obj
 0001:0000aeb0       _rtwCAPI_GetSigLogRecordInfo 1000beb0 f   rtw_modelmap_utils.obj
 0001:0000b2e0       _rtwCAPI_GetStateRecordInfo 1000c2e0 f   rtw_modelmap_utils.obj
 0001:0000b790       _rtwCAPI_GetStateWidth     1000c790 f   rtw_modelmap_utils.obj
 0001:0000b7f0       _rtwCAPI_HasStates         1000c7f0 f   rtw_modelmap_utils.obj
 0001:0000b860       _rtwCAPI_UpdateFullPaths   1000c860 f   rtw_modelmap_utils.obj
 0001:0000ba40       _timestamp_x86             1000ca40 f   host_timer_x86.obj
 0001:0000ba50       _taskTimeEnd               1000ca50 f   xpc_code_profiling_utility_functions.obj
 0001:0000ba60       _taskTimeEnd_              1000ca60 f   xpc_code_profiling_utility_functions.obj
 0001:0000ba70       _taskTimeStart             1000ca70 f   xpc_code_profiling_utility_functions.obj
 0001:0000ba80       _taskTimeStart_            1000ca80 f   xpc_code_profiling_utility_functions.obj
 0001:0000ba90       _xilProfilingTimerFreeze   1000ca90 f   xpc_code_profiling_utility_functions.obj
 0001:0000baa0       _xilProfilingTimerUnFreeze 1000caa0 f   xpc_code_profiling_utility_functions.obj
 0001:0000bab0       _xilUploadProfilingData    1000cab0 f   xpc_code_profiling_utility_functions.obj
 0001:0000bac0       _Control_Mov_PI_Digilent_ChangeStepSize 1000cac0 f   xpctarget.obj
 0001:0000bb30       _DllMain@12                1000cb30 f   xpctarget.obj
 0001:0000bb40       _SLRTSetErrorStatus        1000cb40 f   xpctarget.obj
 0001:0000bb60       _changeStepSize            1000cb60 f   xpctarget.obj
 0001:0000bbd0       _getDLMVersion             1000cbd0 f   xpctarget.obj
 0001:0000bbe0       _getRefMdlPath             1000cbe0 f   xpctarget.obj
 0001:0000bc60       _getRefMdlSignalNumber     1000cc60 f   xpctarget.obj
 0001:0000bd10       _getrlmdlinfo              1000cd10 f   xpctarget.obj
 0001:0000be70       _updateDiscreteEvents      1000ce70 f   xpctarget.obj
 0001:0000be80       _getNumRef                 1000ce80 f   appmappingData.obj
 0001:0000be90       _danipcim                  1000ce90 f   danipcim.obj
 0001:0000c630       _encnipcim                 1000d630 f   encnipcim.obj
 0001:0000ccc0       _niMIdentify               1000dcc0 f   xpcionim.obj
 0001:0000ce40       _niM_AISetup               1000de40 f   xpcionim.obj
 0001:0000d250       _niM_AO_Setup              1000e250 f   xpcionim.obj
 0001:0000d3e0       _niM_Cont_Pulse_Train_Generation 1000e3e0 f   xpcionim.obj
 0001:0000d520       _niM_Counter_Reset_All     1000e520 f   xpcionim.obj
 0001:0000d5d0       _niM_CtrArm                1000e5d0 f   xpcionim.obj
 0001:0000d5f0       _niM_CtrDisarm             1000e5f0 f   xpcionim.obj
 0001:0000d610       _niM_CtrReadArm            1000e610 f   xpcionim.obj
 0001:0000d630       _niM_CtrReadDisarm         1000e630 f   xpcionim.obj
 0001:0000d650       _niM_PeriodConfigure       1000e650 f   xpcionim.obj
 0001:0000d7c0       _niM_Private_Data          1000e7c0 f   xpcionim.obj
 0001:0000dda0       _niM_SetPFIFilter          1000eda0 f   xpcionim.obj
 0001:0000de20       _niM_SetPFI_DO             1000ee20 f   xpcionim.obj
 0001:0000de70       _niM_SetPFI_Select         1000ee70 f   xpcionim.obj
 0001:0000def0       _niM_aiConfigureChannel    1000eef0 f   xpcionim.obj
 0001:0000df60       _niM_aiGetScalingCoefficients 1000ef60 f   xpcionim.obj
 0001:0000e140       _niM_aiPolynomialScaler    1000f140 f   xpcionim.obj
 0001:0000e260       _niM_analogTriggerReset    1000f260 f   xpcionim.obj
 0001:0000e2b0       _niM_aoConfigureDAC        1000f2b0 f   xpcionim.obj
 0001:0000e300       _niM_aoGetScalingCoefficients 1000f300 f   xpcionim.obj
 0001:0000e3b0       _niM_aoLinearScaler        1000f3b0 f   xpcionim.obj
 0001:0000e3e0       _niM_configureTimebase     1000f3e0 f   xpcionim.obj
 0001:0000e400       _niM_eepromReadMSeries     1000f400 f   xpcionim.obj
 0001:0000e4d0       _niM_pllReset              1000f4d0 f   xpcionim.obj
 0001:0000e500       _niM_resetCtr              1000f500 f   xpcionim.obj
 0001:0000e520       _niM_whichBank             1000f520 f   xpcionim.obj
 0001:0000e560       _niMconfig                 1000f560 f   xpcionim.obj
 0001:0000e600       _GetPCIDeviceFull          1000f600 f   xpcruntime:xpcimports.obj
 0001:0000e640       _GetPCIDeviceFunction      1000f640 f   xpcruntime:xpcimports.obj
 0001:0000e670       _ShowPCIDevice             1000f670 f   xpcruntime:xpcimports.obj
 0001:0000eb80       _slrtGetPciConfigAtFunction 1000fb80 f   xpcruntime:xpcimports.obj
 0001:0000ee60       _xpcGetPciConfigAtSlot     1000fe60 f   xpcruntime:xpcimports.obj
 0001:0000ee80       _xpcInitProcs              1000fe80 f   xpcruntime:xpcimports.obj
 0001:0000ff70       _xpceuploadevent           10010f70 f   xpcruntime:xpcimports.obj
 0001:0000ff71       __heap_alloc               10010f71 f i LIBCMT:malloc.obj
 0001:0000ffae       _malloc                    10010fae f   LIBCMT:malloc.obj
 0001:00010040       __get_printf_count_output  10011040 f   LIBCMT:printf.obj
 0001:00010055       __printf_l                 10011055 f   LIBCMT:printf.obj
 0001:0001006c       __printf_p                 1001106c f   LIBCMT:printf.obj
 0001:00010082       __printf_p_l               10011082 f   LIBCMT:printf.obj
 0001:00010099       __printf_s_l               10011099 f   LIBCMT:printf.obj
 0001:000100b0       __set_printf_count_output  100110b0 f   LIBCMT:printf.obj
 0001:000100d8       _printf                    100110d8 f   LIBCMT:printf.obj
 0001:00010187       _printf_s                  10011187 f   LIBCMT:printf.obj
 0001:000101a0       _memset                    100111a0 f   LIBCMT:memset.obj
 0001:00010230       __fpmath                   10011230 f   LIBCMT:fpinit.obj
 0001:00010247       ___setfflag                10011247 f   LIBCMT:fpinit.obj
 0001:0001025a       __cfltcvt_init             1001125a f   LIBCMT:fpinit.obj
 0001:000102ba       _calloc                    100112ba f   LIBCMT:calloc.obj
 0001:00010300       __ftoui3                   10011300 f   LIBCMT:ftol3.obj
 0001:0001030f       __ftoul3                   1001130f f   LIBCMT:ftol3.obj
 0001:0001031e       __ftol3                    1001131e f   LIBCMT:ftol3.obj
 0001:0001032b       __ftol3_NaN                1001132b f   LIBCMT:ftol3.obj
 0001:00010343       __ftol3_work               10011343 f   LIBCMT:ftol3.obj
 0001:000103c9       __ftol3_common             100113c9 f   LIBCMT:ftol3.obj
 0001:0001048b       __ftol3_arg_error          1001148b f   LIBCMT:ftol3.obj
 0001:0001049d       __ftol3_except             1001149d f   LIBCMT:ftol3.obj
 0001:000104df       __dtoui3                   100114df f   LIBCMT:ftol3.obj
 0001:000104ee       __dtoul3                   100114ee f   LIBCMT:ftol3.obj
 0001:000104fd       __dtol3                    100114fd f   LIBCMT:ftol3.obj
 0001:0001050a       __dtol3_NaN                1001150a f   LIBCMT:ftol3.obj
 0001:00010527       __dtol3_work               10011527 f   LIBCMT:ftol3.obj
 0001:0001060c       __ultod3                   1001160c f   LIBCMT:ftol3.obj
 0001:0001069d       __ltod3                    1001169d f   LIBCMT:ftol3.obj
 0001:000106d0       _memcpy                    100116d0 f   LIBCMT:memcpy.obj
 0001:00010d14       ___raise_securityfailure   10011d14 f   LIBCMT:gs_report.obj
 0001:00010d51       ___report_gsfailure        10011d51 f   LIBCMT:gs_report.obj
 0001:00010e4c       ___report_rangecheckfailure 10011e4c f   LIBCMT:gs_report.obj
 0001:00010e58       ___report_securityfailure  10011e58 f   LIBCMT:gs_report.obj
 0001:00010f28       ___report_securityfailureEx 10011f28 f   LIBCMT:gs_report.obj
 0001:0001103e       ___copy_path_to_wide_string 1001203e f   LIBCMT:crt0dat.obj
 0001:000110f0       ___copy_to_char            100120f0 f   LIBCMT:crt0dat.obj
 0001:000111a5       ___crtCorExitProcess       100121a5 f   LIBCMT:crt0dat.obj
 0001:000111d9       ___crtExitProcess          100121d9 f   LIBCMT:crt0dat.obj
 0001:000111ef       ___freeCrtMemory           100121ef f   LIBCMT:crt0dat.obj
 0001:000112fc       __amsg_exit                100122fc f   LIBCMT:crt0dat.obj
 0001:00011318       __c_exit                   10012318 f   LIBCMT:crt0dat.obj
 0001:00011327       __cexit                    10012327 f   LIBCMT:crt0dat.obj
 0001:00011336       __cinit                    10012336 f   LIBCMT:crt0dat.obj
 0001:000113ba       __exit                     100123ba f   LIBCMT:crt0dat.obj
 0001:000113ce       __exit_app                 100123ce f   LIBCMT:crt0dat.obj
 0001:000113dc       __get_pgmptr               100123dc f   LIBCMT:crt0dat.obj
 0001:0001140b       __get_wpgmptr              1001240b f   LIBCMT:crt0dat.obj
 0001:0001143a       __init_pointers            1001243a f   LIBCMT:crt0dat.obj
 0001:000114a8       __initterm_e               100124a8 f   LIBCMT:crt0dat.obj
 0001:000114ca       __lockexit                 100124ca f   LIBCMT:crt0dat.obj
 0001:000114d3       __unlockexit               100124d3 f   LIBCMT:crt0dat.obj
 0001:0001160b       _exit                      1001260b f   LIBCMT:crt0dat.obj
 0001:0001161f       _free                      1001261f f   LIBCMT:free.obj
 0001:00011657       _realloc                   10012657 f   LIBCMT:realloc.obj
 0001:00011710       _memmove                   10012710 f   LIBCMT:memmove.obj
 0001:00011d60       _strchr                    10012d60 f   LIBCMT:strchr.obj
 0001:00011dce       ___from_strstr_to_strchr   10012dce     LIBCMT:strchr.obj
 0001:00011e90       _strncat                   10012e90 f   LIBCMT:strncat.obj
 0001:00011fd0       _strncpy                   10012fd0 f   LIBCMT:strncpy.obj
 0001:000120f4       ___initstdio               100130f4 f   LIBCMT:_file.obj
 0001:00012167       ___endstdio                10013167 f   LIBCMT:_file.obj
 0001:0001218e       ___iob_func                1001318e f   LIBCMT:_file.obj
 0001:00012194       __lock_file                10013194 f   LIBCMT:_file.obj
 0001:000121d3       __lock_file2               100131d3 f   LIBCMT:_file.obj
 0001:00012203       __unlock_file              10013203 f   LIBCMT:_file.obj
 0001:0001223d       __unlock_file2             1001323d f   LIBCMT:_file.obj
 0001:0001226a       __fclose_nolock            1001326a f   LIBCMT:fclose.obj
 0001:000122d6       _fclose                    100132d6 f   LIBCMT:fclose.obj
 0001:0001234d       __fsopen                   1001334d f   LIBCMT:fopen.obj
 0001:00012411       _fopen                     10013411 f   LIBCMT:fopen.obj
 0001:00012426       _fopen_s                   10013426 f   LIBCMT:fopen.obj
 0001:0001246b       __fprintf_l                1001346b f   LIBCMT:fprintf.obj
 0001:00012485       __fprintf_p                10013485 f   LIBCMT:fprintf.obj
 0001:0001249e       __fprintf_p_l              1001349e f   LIBCMT:fprintf.obj
 0001:000124b8       __fprintf_s_l              100134b8 f   LIBCMT:fprintf.obj
 0001:000124d2       _fprintf                   100134d2 f   LIBCMT:fprintf.obj
 0001:000125e4       _fprintf_s                 100135e4 f   LIBCMT:fprintf.obj
 0001:000125fd       __fread_nolock             100135fd f   LIBCMT:fread.obj
 0001:00012618       __fread_nolock_s           10013618 f   LIBCMT:fread.obj
 0001:000127dd       _fread                     100137dd f   LIBCMT:fread.obj
 0001:000127f8       _fread_s                   100137f8 f   LIBCMT:fread.obj
 0001:00012889       __fwrite_nolock            10013889 f   LIBCMT:fwrite.obj
 0001:000129e2       _fwrite                    100139e2 f   LIBCMT:fwrite.obj
 0001:00012a64       __unlink                   10013a64 f   LIBCMT:unlink.obj
 0001:00012a6d       _remove                    10013a6d f   LIBCMT:unlink.obj
 0001:00012aaf       _rewind                    10013aaf f   LIBCMT:rewind.obj
 0001:00012b6e       __scprintf                 10013b6e f   LIBCMT:sprintf.obj
 0001:00012b81       __scprintf_l               10013b81 f   LIBCMT:sprintf.obj
 0001:00012b98       __scprintf_p               10013b98 f   LIBCMT:sprintf.obj
 0001:00012bab       __scprintf_p_l             10013bab f   LIBCMT:sprintf.obj
 0001:00012bc2       __snprintf_s               10013bc2 f   LIBCMT:sprintf.obj
 0001:00012be1       __snprintf_s_l             10013be1 f   LIBCMT:sprintf.obj
 0001:00012c01       __sprintf_l                10013c01 f   LIBCMT:sprintf.obj
 0001:00012c1b       __sprintf_p                10013c1b f   LIBCMT:sprintf.obj
 0001:00012c37       __sprintf_p_l              10013c37 f   LIBCMT:sprintf.obj
 0001:00012c54       __sprintf_s_l              10013c54 f   LIBCMT:sprintf.obj
 0001:00012c71       _sprintf                   10013c71 f   LIBCMT:sprintf.obj
 0001:00012cf5       _sprintf_s                 10013cf5 f   LIBCMT:sprintf.obj
 0001:00012d11       _ldexp                     10013d11 f   LIBCMT:ldexp.obj
 0001:00012efd       @__security_check_cookie@4 10013efd f   LIBCMT:secchk.obj
 0001:00012f0c       ___isa_available_init      10013f0c f   LIBCMT:cpu_disp.obj
 0001:00013085       __invoke_watson_if_error   10014085 f i LIBCMT:wassert.obj
 0001:000130a5       __wassert                  100140a5 f   LIBCMT:wassert.obj
 0001:00013749       __CRT_INIT@12              10014749 f   LIBCMT:dllcrt0.obj
 0001:000138bb       __DllMainCRTStartup@12     100148bb f   LIBCMT:dllcrt0.obj
 0001:000139ec       ___DllXcptFilter           100149ec f   LIBCMT:dllcrt0.obj
 0001:00013a11       ?_query_new_handler@@YAP6AHI@ZXZ 10014a11 f   LIBCMT:handler.obj
 0001:00013a1e       ?_set_new_handler@@YAP6AHI@ZH@Z 10014a1e f   LIBCMT:handler.obj
 0001:00013a27       ?_set_new_handler@@YAP6AHI@ZP6AHI@Z@Z 10014a27 f   LIBCMT:handler.obj
 0001:00013a5c       __callnewh                 10014a5c f   LIBCMT:handler.obj
 0001:00013a82       __initp_heap_handler       10014a82 f   LIBCMT:handler.obj
 0001:00013a8f       __FF_MSGBANNER             10014a8f f   LIBCMT:crt0msg.obj
 0001:00013ac8       __GET_RTERRMSG             10014ac8 f   LIBCMT:crt0msg.obj
 0001:00013aec       __NMSG_WRITE               10014aec f   LIBCMT:crt0msg.obj
 0001:00013ca9       ___doserrno                10014ca9 f   LIBCMT:dosmap.obj
 0001:00013cbc       __dosmaperr                10014cbc f   LIBCMT:dosmap.obj
 0001:00013cdd       __errno                    10014cdd f   LIBCMT:dosmap.obj
 0001:00013cf0       __get_doserrno             10014cf0 f   LIBCMT:dosmap.obj
 0001:00013d13       __get_errno                10014d13 f   LIBCMT:dosmap.obj
 0001:00013d36       __get_errno_from_oserr     10014d36 f   LIBCMT:dosmap.obj
 0001:00013d77       __set_doserrno             10014d77 f   LIBCMT:dosmap.obj
 0001:00013d96       __set_errno                10014d96 f   LIBCMT:dosmap.obj
 0001:00013db5       __get_heap_handle          10014db5 f   LIBCMT:heapinit.obj
 0001:00013dbb       __heap_init                10014dbb f   LIBCMT:heapinit.obj
 0001:00013dd0       __heap_term                10014dd0 f   LIBCMT:heapinit.obj
 0001:00013dd8       ?_invalid_parameter@@YAXPBG00II@Z 10014dd8 f   LIBCMT:invarg.obj
 0001:00013ddd       ?_invoke_watson@@YAXPBG00II@Z 10014ddd f   LIBCMT:invarg.obj
 0001:00013df5       __call_reportfault         10014df5 f   LIBCMT:invarg.obj
 0001:00013f1a       __get_invalid_parameter_handler 10014f1a f   LIBCMT:invarg.obj
 0001:00013f27       __initp_misc_invarg        10014f27 f   LIBCMT:invarg.obj
 0001:00013f34       __invalid_parameter        10014f34 f   LIBCMT:invarg.obj
 0001:00013f5f       __invalid_parameter_noinfo 10014f5f f   LIBCMT:invarg.obj
 0001:00013f6f       __invalid_parameter_noinfo_noreturn 10014f6f f   LIBCMT:invarg.obj
 0001:00013f8a       __invoke_watson            10014f8a f   LIBCMT:invarg.obj
 0001:00013fb5       __set_invalid_parameter_handler 10014fb5 f   LIBCMT:invarg.obj
 0001:00013fda       __vprintf_l                10014fda f   LIBCMT:vprintf.obj
 0001:00013ff5       __vprintf_p                10014ff5 f   LIBCMT:vprintf.obj
 0001:0001400f       __vprintf_p_l              1001500f f   LIBCMT:vprintf.obj
 0001:0001402a       __vprintf_s_l              1001502a f   LIBCMT:vprintf.obj
 0001:00014045       _vprintf                   10015045 f   LIBCMT:vprintf.obj
 0001:0001405f       _vprintf_helper            1001505f f   LIBCMT:vprintf.obj
 0001:000140ec       _vprintf_s                 100150ec f   LIBCMT:vprintf.obj
 0001:00014106       __ftbuf                    10015106 f   LIBCMT:_sftbuf.obj
 0001:00014137       __stbuf                    10015137 f   LIBCMT:_sftbuf.obj
 0001:000141dd       ??0_LocaleUpdate@@QAE@PAUlocaleinfo_struct@@@Z 100151dd f i LIBCMT:output.obj
 0001:00014265       ??1_LocaleUpdate@@QAE@XZ   10015265 f i LIBCMT:output.obj
 0001:00014273       ?GetLocaleT@_LocaleUpdate@@QAEPAUlocaleinfo_struct@@XZ 10015273 f i LIBCMT:output.obj
 0001:00014276       __output_l                 10015276 f   LIBCMT:output.obj
 0001:00014df6       _get_int64_arg             10015df6 f i LIBCMT:output.obj
 0001:00014e09       _get_int_arg               10015e09 f i LIBCMT:output.obj
 0001:00014e19       _get_short_arg             10015e19 f i LIBCMT:output.obj
 0001:00014f20       __SEH_prolog4              10015f20 f   LIBCMT:sehprolg4.obj
 0001:00014f65       __SEH_epilog4              10015f65 f   LIBCMT:sehprolg4.obj
 0001:00014fc0       __except_handler4          10015fc0 f   LIBCMT:chandler4.obj
 0001:00015154       __VEC_memset               10016154 f   LIBCMT:p4_memset.obj
 0001:0001521c       ?strrchr@@YAPADPADH@Z      1001621c f i LIBCMT:cvt.obj
 0001:00015225       __cfltcvt                  10016225 f   LIBCMT:cvt.obj
 0001:00015246       __cfltcvt_l                10016246 f   LIBCMT:cvt.obj
 0001:000152cc       __cftoa                    100162cc f   LIBCMT:cvt.obj
 0001:000152ea       __cftoa_l                  100162ea f   LIBCMT:cvt.obj
 0001:00015646       __cftoe                    10016646 f   LIBCMT:cvt.obj
 0001:000157b5       __cftoe_l                  100167b5 f   LIBCMT:cvt.obj
 0001:00015883       __cftof                    10016883 f   LIBCMT:cvt.obj
 0001:0001598a       __cftof_l                  1001698a f   LIBCMT:cvt.obj
 0001:00015a4b       __cftog                    10016a4b f   LIBCMT:cvt.obj
 0001:00015a69       __cftog_l                  10016a69 f   LIBCMT:cvt.obj
 0001:00015b68       __cropzeros                10016b68 f   LIBCMT:cvt.obj
 0001:00015b79       __cropzeros_l              10016b79 f   LIBCMT:cvt.obj
 0001:00015bf9       __fassign                  10016bf9 f   LIBCMT:cvt.obj
 0001:00015c11       __fassign_l                10016c11 f   LIBCMT:cvt.obj
 0001:00015c53       __forcdecpt                10016c53 f   LIBCMT:cvt.obj
 0001:00015c64       __forcdecpt_l              10016c64 f   LIBCMT:cvt.obj
 0001:00015cd8       __positive                 10016cd8 f   LIBCMT:cvt.obj
 0001:00015d1a       __setdefaultprecision      10016d1a f   LIBCMT:fp8.obj
 0001:00015d41       __initp_misc_cfltcvt_tab   10016d41 f   LIBCMT:cmiscdat.obj
 0001:00015d60       __calloc_impl              10016d60 f   LIBCMT:calloc_impl.obj
 0001:00015dda       __errcode                  10016dda f   LIBCMT:fpexcept.obj
 0001:00015e0c       __except1                  10016e0c f   LIBCMT:fpexcept.obj
 0001:00015ed4       __except2                  10016ed4 f   LIBCMT:fpexcept.obj
 0001:00015fd4       __handle_exc               10016fd4 f   LIBCMT:fpexcept.obj
 0001:000161b2       __handle_qnan1             100171b2 f   LIBCMT:fpexcept.obj
 0001:00016202       __handle_qnan2             10017202 f   LIBCMT:fpexcept.obj
 0001:00016262       __raise_exc                10017262 f   LIBCMT:fpexcept.obj
 0001:00016283       __raise_exc_ex             10017283 f   LIBCMT:fpexcept.obj
 0001:00016568       __raise_excf               10017568 f   LIBCMT:fpexcept.obj
 0001:00016589       __set_errno_from_matherr   10017589 f   LIBCMT:fpexcept.obj
 0001:000165b6       __umatherr                 100175b6 f   LIBCMT:fpexcept.obj
 0001:00016656       __crt_debugger_hook        10017656 f   LIBCMT:dbghook.obj
 0001:0001668b       ___crtCloseThreadpoolTimer 1001768b f   LIBCMT:winapisupp.obj
 0001:000166a2       ___crtCloseThreadpoolWait  100176a2 f   LIBCMT:winapisupp.obj
 0001:000166b9       ___crtCreateEventExW       100176b9 f   LIBCMT:winapisupp.obj
 0001:000166f4       ___crtCreateSemaphoreExW   100176f4 f   LIBCMT:winapisupp.obj
 0001:0001672e       ___crtCreateSymbolicLinkW  1001772e f   LIBCMT:winapisupp.obj
 0001:00016757       ___crtCreateThreadpoolTimer 10017757 f   LIBCMT:winapisupp.obj
 0001:00016778       ___crtCreateThreadpoolWait 10017778 f   LIBCMT:winapisupp.obj
 0001:00016799       ___crtFlsAlloc             10017799 f   LIBCMT:winapisupp.obj
 0001:000167b7       ___crtFlsFree              100177b7 f   LIBCMT:winapisupp.obj
 0001:000167d6       ___crtFlsGetValue          100177d6 f   LIBCMT:winapisupp.obj
 0001:000167f5       ___crtFlsSetValue          100177f5 f   LIBCMT:winapisupp.obj
 0001:00016817       ___crtFlushProcessWriteBuffers 10017817 f   LIBCMT:winapisupp.obj
 0001:00016827       ___crtFreeLibraryWhenCallbackReturns 10017827 f   LIBCMT:winapisupp.obj
 0001:00016841       ___crtGetCurrentProcessorNumber 10017841 f   LIBCMT:winapisupp.obj
 0001:00016853       ___crtGetFileInformationByHandleEx 10017853 f   LIBCMT:winapisupp.obj
 0001:0001687f       ___crtGetLogicalProcessorInformation 1001787f f   LIBCMT:winapisupp.obj
 0001:000168a5       ___crtGetShowWindowMode    100178a5 f   LIBCMT:winapisupp.obj
 0001:000168c8       ___crtGetTickCount64       100178c8 f   LIBCMT:winapisupp.obj
 0001:000168e0       ___crtInitializeCriticalSectionEx 100178e0 f   LIBCMT:winapisupp.obj
 0001:0001690e       ___crtIsPackagedApp        1001790e f   LIBCMT:winapisupp.obj
 0001:0001694e       ___crtLoadWinApiPointers   1001794e f   LIBCMT:winapisupp.obj
 0001:00016bd9       ___crtSetFileInformationByHandle 10017bd9 f   LIBCMT:winapisupp.obj
 0001:00016c05       ___crtSetThreadStackGuarantee 10017c05 f   LIBCMT:winapisupp.obj
 0001:00016c20       ___crtSetThreadpoolTimer   10017c20 f   LIBCMT:winapisupp.obj
 0001:00016c40       ___crtSetThreadpoolWait    10017c40 f   LIBCMT:winapisupp.obj
 0001:00016c5d       ___crtSetUnhandledExceptionFilter 10017c5d f   LIBCMT:winapisupp.obj
 0001:00016c6b       ___crtSleep                10017c6b f   LIBCMT:winapisupp.obj
 0001:00016c79       ___crtTerminateProcess     10017c79 f   LIBCMT:winapisupp.obj
 0001:00016c8e       ___crtUnhandledException   10017c8e f   LIBCMT:winapisupp.obj
 0001:00016ca4       ___crtWaitForThreadpoolTimerCallbacks 10017ca4 f   LIBCMT:winapisupp.obj
 0001:00016cbe       __RTC_Initialize           10017cbe f   LIBCMT:initsect.obj
 0001:00016cde       __RTC_Terminate            10017cde f   LIBCMT:initsect.obj
 0001:00016cfe       __lock                     10017cfe f   LIBCMT:mlock.obj
 0001:00016d32       __lockerr_exit             10017d32 f   LIBCMT:mlock.obj
 0001:00016d52       __mtdeletelocks            10017d52 f   LIBCMT:mlock.obj
 0001:00016da6       __mtinitlocknum            10017da6 f   LIBCMT:mlock.obj
 0001:00016e4f       __mtinitlocks              10017e4f f   LIBCMT:mlock.obj
 0001:00016e88       __unlock                   10017e88 f   LIBCMT:mlock.obj
 0001:00016ea0       __FindPESection            10017ea0 f   LIBCMT:pesect.obj
 0001:00016ef0       __IsNonwritableInCurrentImage 10017ef0 f   LIBCMT:pesect.obj
 0001:00016fb0       __ValidateImageBase        10017fb0 f   LIBCMT:pesect.obj
 0001:00016fe1       ___onexitinit              10017fe1 f   LIBCMT:onexit.obj
 0001:00017010       __onexit                   10018010 f   LIBCMT:onexit.obj
 0001:0001710c       _atexit                    1001810c f   LIBCMT:onexit.obj
 0001:00017121       __calloc_crt               10018121 f   LIBCMT:crtheap.obj
 0001:00017169       __malloc_crt               10018169 f   LIBCMT:crtheap.obj
 0001:000171b0       __realloc_crt              100181b0 f   LIBCMT:crtheap.obj
 0001:000171fa       __recalloc_crt             100181fa f   LIBCMT:crtheap.obj
 0001:00017248       __set_malloc_crt_max_wait  10018248 f   LIBCMT:crtheap.obj
 0001:0001725b       _wait_a_bit                1001825b f i LIBCMT:crtheap.obj
 0001:0001727f       ?_inconsistency@@YAXXZ     1001827f f   LIBCMT:hooks.obj
 0001:000172b7       ?terminate@@YAXXZ          100182b7 f   LIBCMT:hooks.obj
 0001:000172eb       ?unexpected@@YAXXZ         100182eb f   LIBCMT:hooks.obj
 0001:000172fe       __initp_eh_hooks           100182fe f   LIBCMT:hooks.obj
 0001:0001730f       ___getlocaleinfo           1001830f f   LIBCMT:inithelp.obj
 0001:000174e8       __initp_misc_purevirt      100184e8 f   LIBCMT:inithelp.obj
 0001:000174f5       ___fpecode                 100184f5 f   LIBCMT:winsig.obj
 0001:000174fe       ___get_sigabrt             100184fe f   LIBCMT:winsig.obj
 0001:0001750b       ___pxcptinfoptrs           1001850b f   LIBCMT:winsig.obj
 0001:00017514       __initp_misc_winsig        10018514 f   LIBCMT:winsig.obj
 0001:000175d5       _raise                     100185d5 f   LIBCMT:winsig.obj
 0001:000177ca       _signal                    100187ca f   LIBCMT:winsig.obj
 0001:00017a21       __initp_misc_rand_s        10018a21 f   LIBCMT:rand_s.obj
 0001:00017a2e       _rand_s                    10018a2e f   LIBCMT:rand_s.obj
 0001:00017b34       ___initmbctable            10018b34 f   LIBCMT:mbctype.obj
 0001:00017deb       ___updatetmbcinfo          10018deb f   LIBCMT:mbctype.obj
 0001:00017e91       __getmbcp                  10018e91 f   LIBCMT:mbctype.obj
 0001:00017ec2       __setmbcp                  10018ec2 f   LIBCMT:mbctype.obj
 0001:0001806a       __setmbcp_nolock           1001906a f   LIBCMT:mbctype.obj
 0001:00018255       __fcloseall                10019255 f   LIBCMT:closeall.obj
 0001:000182f2       __fflush_nolock            100192f2 f   LIBCMT:fflush.obj
 0001:00018338       __flush                    10019338 f   LIBCMT:fflush.obj
 0001:0001839c       __flushall                 1001939c f   LIBCMT:fflush.obj
 0001:000183a5       _fflush                    100193a5 f   LIBCMT:fflush.obj
 0001:000184e2       __fileno                   100194e2 f   LIBCMT:fileno.obj
 0001:00018506       __close                    10019506 f   LIBCMT:close.obj
 0001:000185e1       __close_nolock             100195e1 f   LIBCMT:close.obj
 0001:0001867b       __freebuf                  1001967b f   LIBCMT:_freebuf.obj
 0001:000186ab       __getstream                100196ab f   LIBCMT:stream.obj
 0001:000187ca       __openfile                 100197ca f   LIBCMT:_open.obj
 0001:00018a50       __local_unwind4            10019a50 f   LIBCMT:exsup4.obj
 0001:00018b26       __seh_longjmp_unwind4@4    10019b26 f   LIBCMT:exsup4.obj
 0001:00018b42       @_EH4_CallFilterFunc@8     10019b42 f   LIBCMT:exsup4.obj
 0001:00018b59       @_EH4_TransferToHandler@8  10019b59 f   LIBCMT:exsup4.obj
 0001:00018b72       @_EH4_GlobalUnwind2@8      10019b72 f   LIBCMT:exsup4.obj
 0001:00018b8b       @_EH4_LocalUnwind@16       10019b8b f   LIBCMT:exsup4.obj
 0001:00018ba2       __vfprintf_l               10019ba2 f   LIBCMT:vfprintf.obj
 0001:00018bc0       __vfprintf_p               10019bc0 f   LIBCMT:vfprintf.obj
 0001:00018bdd       __vfprintf_p_l             10019bdd f   LIBCMT:vfprintf.obj
 0001:00018bfb       __vfprintf_s_l             10019bfb f   LIBCMT:vfprintf.obj
 0001:00018c19       _vfprintf                  10019c19 f   LIBCMT:vfprintf.obj
 0001:00018c36       _vfprintf_helper           10019c36 f   LIBCMT:vfprintf.obj
 0001:00018d47       _vfprintf_s                10019d47 f   LIBCMT:vfprintf.obj
 0001:00018d64       __ioinit                   10019d64 f   LIBCMT:ioinit.obj
 0001:00019018       __ioterm                   1001a018 f   LIBCMT:ioinit.obj
 0001:0001906a       __filbuf                   1001a06a f   LIBCMT:_filbuf.obj
 0001:0001918b       _memcpy_s                  1001a18b f   LIBCMT:memcpy_s.obj
 0001:0001920a       __read                     1001a20a f   LIBCMT:read.obj
 0001:0001931e       __read_nolock              1001a31e f   LIBCMT:read.obj
 0001:00019aaf       __flsbuf                   1001aaaf f   LIBCMT:_flsbuf.obj
 0001:00019bfe       __write                    1001abfe f   LIBCMT:write.obj
 0001:00019ced       __write_nolock             1001aced f   LIBCMT:write.obj
 0001:0001a552       __wremove                  1001b552 f   LIBCMT:wunlink.obj
 0001:0001a580       __wunlink                  1001b580 f   LIBCMT:wunlink.obj
 0001:0001a589       __lseek                    1001b589 f   LIBCMT:lseek.obj
 0001:0001a678       __lseek_nolock             1001b678 f   LIBCMT:lseek.obj
 0001:0001a71f       __vscprintf                1001b71f f   LIBCMT:vsprintf.obj
 0001:0001a739       __vscprintf_helper         1001b739 f   LIBCMT:vsprintf.obj
 0001:0001a795       __vscprintf_l              1001b795 f   LIBCMT:vsprintf.obj
 0001:0001a7b0       __vscprintf_p              1001b7b0 f   LIBCMT:vsprintf.obj
 0001:0001a7ca       __vscprintf_p_l            1001b7ca f   LIBCMT:vsprintf.obj
 0001:0001a7e5       __vsprintf_l               1001b7e5 f   LIBCMT:vsprintf.obj
 0001:0001a869       _vsprintf                  1001b869 f   LIBCMT:vsprintf.obj
 0001:0001a881       __vsnprintf_c              1001b881 f   LIBCMT:vsnprnc.obj
 0001:0001a8a8       __vsnprintf_c_l            1001b8a8 f   LIBCMT:vsnprnc.obj
 0001:0001a8d0       __vsnprintf_helper         1001b8d0 f   LIBCMT:vsnprnc.obj
 0001:0001a99a       __vsnprintf_s              1001b99a f   LIBCMT:vsnprnc.obj
 0001:0001a9b8       __vsnprintf_s_l            1001b9b8 f   LIBCMT:vsnprnc.obj
 0001:0001aab8       __vsprintf_p               1001bab8 f   LIBCMT:vsnprnc.obj
 0001:0001aadf       __vsprintf_p_l             1001badf f   LIBCMT:vsnprnc.obj
 0001:0001ab07       __vsprintf_s_l             1001bb07 f   LIBCMT:vsnprnc.obj
 0001:0001ab7c       _vsprintf_s                1001bb7c f   LIBCMT:vsnprnc.obj
 0001:0001ab97       __chgsign                  1001bb97 f   LIBCMT:ieeemisc.obj
 0001:0001abc4       __chgsignf                 1001bbc4 f   LIBCMT:ieeemisc.obj
 0001:0001abe5       __copysign                 1001bbe5 f   LIBCMT:ieeemisc.obj
 0001:0001ac0d       __copysignf                1001bc0d f   LIBCMT:ieeemisc.obj
 0001:0001ac29       __finite                   1001bc29 f   LIBCMT:ieeemisc.obj
 0001:0001ac41       __fpclass                  1001bc41 f   LIBCMT:ieeemisc.obj
 0001:0001acdd       __isnan                    1001bcdd f   LIBCMT:ieeemisc.obj
 0001:0001ad10       __logb                     1001bd10 f   LIBCMT:ieeemisc.obj
 0001:0001adf1       __nextafter                1001bdf1 f   LIBCMT:ieeemisc.obj
 0001:0001b091       __scalb                    1001c091 f   LIBCMT:ieeemisc.obj
 0001:0001b0a9       __add_exp                  1001c0a9 f   LIBCMT:util.obj
 0001:0001b0d8       __decomp                   1001c0d8 f   LIBCMT:util.obj
 0001:0001b1aa       __get_exp                  1001c1aa f   LIBCMT:util.obj
 0001:0001b1c3       __set_bexp                 1001c1c3 f   LIBCMT:util.obj
 0001:0001b1ec       __set_exp                  1001c1ec f   LIBCMT:util.obj
 0001:0001b21b       __sptype                   1001c21b f   LIBCMT:util.obj
 0001:0001b276       ___clrfp_sse2              1001c276 f   LIBCMT:fpctrl.obj
 0001:0001b297       ___ctrlfp_sse2             1001c297 f   LIBCMT:fpctrl.obj
 0001:0001b2d0       ___fclrf_sse2              1001c2d0 f   LIBCMT:fpctrl.obj
 0001:0001b2ed       ___get_fpsr_sse2           1001c2ed f   LIBCMT:fpctrl.obj
 0001:0001b309       ___set_fpsr_sse2           1001c309 f   LIBCMT:fpctrl.obj
 0001:0001b37f       ___set_statfp_sse2         1001c37f f   LIBCMT:fpctrl.obj
 0001:0001b398       ___statfp_sse2             1001c398 f   LIBCMT:fpctrl.obj
 0001:0001b3ad       __clrfp                    1001c3ad f   LIBCMT:fpctrl.obj
 0001:0001b3be       __ctrlfp                   1001c3be f   LIBCMT:fpctrl.obj
 0001:0001b3e9       __set_statfp               1001c3e9 f   LIBCMT:fpctrl.obj
 0001:0001b441       __statfp                   1001c441 f   LIBCMT:fpctrl.obj
 0001:0001b451       _wcscat_s                  1001c451 f   LIBCMT:wcscat_s.obj
 0001:0001b4bd       _wcscpy_s                  1001c4bd f   LIBCMT:wcscpy_s.obj
 0001:0001b519       _wcslen                    1001c519 f   LIBCMT:wcslen.obj
 0001:0001b532       _wcsncat_s                 1001c532 f   LIBCMT:wcsncat_s.obj
 0001:0001b600       __set_abort_behavior       1001c600 f   LIBCMT:abort.obj
 0001:0001b61f       _abort                     1001c61f f   LIBCMT:abort.obj
 0001:0001b662       ___set_app_type            1001c662 f   LIBCMT:errmode.obj
 0001:0001b66f       __set_error_mode           1001c66f f   LIBCMT:errmode.obj
 0001:0001b7cb       __i64tow_s                 1001c7cb f   LIBCMT:xtows.obj
 0001:0001b7fc       __itow_s                   1001c7fc f   LIBCMT:xtows.obj
 0001:0001b825       __ltow_s                   1001c825 f   LIBCMT:xtows.obj
 0001:0001b84f       __ui64tow_s                1001c84f f   LIBCMT:xtows.obj
 0001:0001b86a       __ultow_s                  1001c86a f   LIBCMT:xtows.obj
 0001:0001b975       _setvbuf                   1001c975 f   LIBCMT:setvbuf.obj
 0001:0001ba7b       __fwprintf_l               1001ca7b f   LIBCMT:fwprintf.obj
 0001:0001ba95       __fwprintf_p               1001ca95 f   LIBCMT:fwprintf.obj
 0001:0001baae       __fwprintf_p_l             1001caae f   LIBCMT:fwprintf.obj
 0001:0001bac8       __fwprintf_s_l             1001cac8 f   LIBCMT:fwprintf.obj
 0001:0001bae2       _fwprintf                  1001cae2 f   LIBCMT:fwprintf.obj
 0001:0001bb76       _fwprintf_s                1001cb76 f   LIBCMT:fwprintf.obj
 0001:0001bb8f       __vsnwprintf_s             1001cb8f f   LIBCMT:vswprnc.obj
 0001:0001bbad       __vsnwprintf_s_l           1001cbad f   LIBCMT:vswprnc.obj
 0001:0001bcb1       __vswprintf_c              1001ccb1 f   LIBCMT:vswprnc.obj
 0001:0001bcd8       __vswprintf_c_l            1001ccd8 f   LIBCMT:vswprnc.obj
 0001:0001bd00       __vswprintf_helper         1001cd00 f   LIBCMT:vswprnc.obj
 0001:0001bdfb       __vswprintf_p              1001cdfb f   LIBCMT:vswprnc.obj
 0001:0001be22       __vswprintf_p_l            1001ce22 f   LIBCMT:vswprnc.obj
 0001:0001be4a       __vswprintf_s_l            1001ce4a f   LIBCMT:vswprnc.obj
 0001:0001bec1       _vswprintf_s               1001cec1 f   LIBCMT:vswprnc.obj
 0001:0001bedc       ___crtMessageBoxW          1001cedc f   LIBCMT:crtmboxw.obj
 0001:0001c0c2       ___crtMessageBoxWaitThreadW@4 1001d0c2 f   LIBCMT:crtmboxw.obj
 0001:0001c0e0       __XcptFilter               1001d0e0 f   LIBCMT:winxfltr.obj
 0001:0001c23b       ___CppXcptFilter           1001d23b f   LIBCMT:winxfltr.obj
 0001:0001c28d       ___get_flsindex            1001d28d f   LIBCMT:tidtable.obj
 0001:0001c293       ___threadhandle            1001d293 f   LIBCMT:tidtable.obj
 0001:0001c299       ___threadid                1001d299 f   LIBCMT:tidtable.obj
 0001:0001c29f       __freefls@4                1001d29f f   LIBCMT:tidtable.obj
 0001:0001c3d4       __freeptd                  1001d3d4 f   LIBCMT:tidtable.obj
 0001:0001c40a       __getptd                   1001d40a f   LIBCMT:tidtable.obj
 0001:0001c422       __getptd_noexit            1001d422 f   LIBCMT:tidtable.obj
 0001:0001c491       __initptd                  1001d491 f   LIBCMT:tidtable.obj
 0001:0001c544       __mtinit                   1001d544 f   LIBCMT:tidtable.obj
 0001:0001c5ba       __mtterm                   1001d5ba f   LIBCMT:tidtable.obj
 0001:0001c5d7       __set_pgmptr               1001d5d7 f i LIBCMT:stdargv.obj
 0001:0001c5e4       __setargv                  1001d5e4 f   LIBCMT:stdargv.obj
 0001:0001c813       __setenvp                  1001d813 f   LIBCMT:stdenvp.obj
 0001:0001c8f4       ___security_init_cookie    1001d8f4 f   LIBCMT:gs_support.obj
 0001:0001c990       ___crtGetEnvironmentStringsA 1001d990 f   LIBCMT:a_env.obj
 0001:0001ca20       _strlen                    1001da20 f   LIBCMT:strlen.obj
 0001:0001caab       _wcsncpy_s                 1001daab f   LIBCMT:wcsncpy_s.obj
 0001:0001cb69       __output_s_l               1001db69 f   LIBCMT:outputs.obj
 0001:0001d7f1       __output_p_l               1001e7f1 f   LIBCMT:outputp.obj
 0001:0001eb29       __validate_param_reuseA    1001fb29 f   LIBCMT:outputp.obj
 0001:0001ec5f       _get_crtdouble_arg         1001fc5f f i LIBCMT:outputp.obj
 0001:0001ed5e       __isatty                   1001fd5e f   LIBCMT:isatty.obj
 0001:0001edb2       ___addlocaleref            1001fdb2 f   LIBCMT:localref.obj
 0001:0001ee47       ___freetlocinfo            1001fe47 f   LIBCMT:localref.obj
 0001:0001efa1       ___removelocaleref         1001ffa1 f   LIBCMT:localref.obj
 0001:0001f041       ___updatetlocinfo          10020041 f   LIBCMT:localref.obj
 0001:0001f0c1       __updatetlocinfoEx_nolock  100200c1 f   LIBCMT:localref.obj
 0001:0001f10c       ___iswcsym                 1002010c f i LIBCMT:_wctype.obj
 0001:0001f130       ___iswcsymf                10020130 f i LIBCMT:_wctype.obj
 0001:0001f154       __isleadbyte_l             10020154 f i LIBCMT:_wctype.obj
 0001:0001f18e       __iswalnum_l               1002018e f i LIBCMT:_wctype.obj
 0001:0001f1a2       __iswalpha_l               100201a2 f i LIBCMT:_wctype.obj
 0001:0001f1b6       __iswblank_l               100201b6 f i LIBCMT:_wctype.obj
 0001:0001f1d1       __iswcntrl_l               100201d1 f i LIBCMT:_wctype.obj
 0001:0001f1e2       __iswcsym_l                100201e2 f i LIBCMT:_wctype.obj
 0001:0001f206       __iswcsymf_l               10020206 f i LIBCMT:_wctype.obj
 0001:0001f22a       __iswdigit_l               1002022a f i LIBCMT:_wctype.obj
 0001:0001f23b       __iswgraph_l               1002023b f i LIBCMT:_wctype.obj
 0001:0001f24f       __iswlower_l               1002024f f i LIBCMT:_wctype.obj
 0001:0001f260       __iswprint_l               10020260 f i LIBCMT:_wctype.obj
 0001:0001f274       __iswpunct_l               10020274 f i LIBCMT:_wctype.obj
 0001:0001f285       __iswspace_l               10020285 f i LIBCMT:_wctype.obj
 0001:0001f296       __iswupper_l               10020296 f i LIBCMT:_wctype.obj
 0001:0001f2a7       __iswxdigit_l              100202a7 f i LIBCMT:_wctype.obj
 0001:0001f2bb       _isleadbyte                100202bb f i LIBCMT:_wctype.obj
 0001:0001f2cc       _iswalnum                  100202cc f i LIBCMT:_wctype.obj
 0001:0001f2e0       _iswalpha                  100202e0 f i LIBCMT:_wctype.obj
 0001:0001f2f4       _iswascii                  100202f4 f i LIBCMT:_wctype.obj
 0001:0001f306       _iswblank                  10020306 f i LIBCMT:_wctype.obj
 0001:0001f321       _iswcntrl                  10020321 f i LIBCMT:_wctype.obj
 0001:0001f332       _iswdigit                  10020332 f i LIBCMT:_wctype.obj
 0001:0001f343       _iswgraph                  10020343 f i LIBCMT:_wctype.obj
 0001:0001f357       _iswlower                  10020357 f i LIBCMT:_wctype.obj
 0001:0001f368       _iswprint                  10020368 f i LIBCMT:_wctype.obj
 0001:0001f37c       _iswpunct                  1002037c f i LIBCMT:_wctype.obj
 0001:0001f38d       _iswspace                  1002038d f i LIBCMT:_wctype.obj
 0001:0001f39e       _iswupper                  1002039e f i LIBCMT:_wctype.obj
 0001:0001f3af       _iswxdigit                 100203af f i LIBCMT:_wctype.obj
 0001:0001f3c3       __wctomb_l                 100203c3 f   LIBCMT:wctomb.obj
 0001:0001f412       __wctomb_s_l               10020412 f   LIBCMT:wctomb.obj
 0001:0001f536       _wctomb                    10020536 f   LIBCMT:wctomb.obj
 0001:0001f569       _wctomb_s                  10020569 f   LIBCMT:wctomb.obj
 0001:0001f590       __aulldvrm                 10020590 f   LIBCMT:ulldvrm.obj
 0001:0001f625       ___isascii                 10020625 f i LIBCMT:_ctype.obj
 0001:0001f635       ___iscsym                  10020635 f i LIBCMT:_ctype.obj
 0001:0001f655       ___iscsymf                 10020655 f i LIBCMT:_ctype.obj
 0001:0001f672       ___toascii                 10020672 f i LIBCMT:_ctype.obj
 0001:0001f67d       __isalnum_l                1002067d f i LIBCMT:_ctype.obj
 0001:0001f6d5       __isalpha_l                100206d5 f i LIBCMT:_ctype.obj
 0001:0001f72d       __isblank_l                1002072d f i LIBCMT:_ctype.obj
 0001:0001f787       __iscntrl_l                10020787 f i LIBCMT:_ctype.obj
 0001:0001f7d9       __iscsym_l                 100207d9 f i LIBCMT:_ctype.obj
 0001:0001f7fa       __iscsymf_l                100207fa f i LIBCMT:_ctype.obj
 0001:0001f81b       __isdigit_l                1002081b f i LIBCMT:_ctype.obj
 0001:0001f86d       __isgraph_l                1002086d f i LIBCMT:_ctype.obj
 0001:0001f8c5       __islower_l                100208c5 f i LIBCMT:_ctype.obj
 0001:0001f917       __isprint_l                10020917 f i LIBCMT:_ctype.obj
 0001:0001f96f       __ispunct_l                1002096f f i LIBCMT:_ctype.obj
 0001:0001f9c1       __isspace_l                100209c1 f i LIBCMT:_ctype.obj
 0001:0001fa13       __isupper_l                10020a13 f i LIBCMT:_ctype.obj
 0001:0001fa65       __isxdigit_l               10020a65 f i LIBCMT:_ctype.obj
 0001:0001fabd       _isalnum                   10020abd f i LIBCMT:_ctype.obj
 0001:0001faea       _isalpha                   10020aea f i LIBCMT:_ctype.obj
 0001:0001fb17       _isblank                   10020b17 f i LIBCMT:_ctype.obj
 0001:0001fb4c       _iscntrl                   10020b4c f i LIBCMT:_ctype.obj
 0001:0001fb77       _isdigit                   10020b77 f i LIBCMT:_ctype.obj
 0001:0001fba2       _isgraph                   10020ba2 f i LIBCMT:_ctype.obj
 0001:0001fbcf       _islower                   10020bcf f i LIBCMT:_ctype.obj
 0001:0001fbfa       _isprint                   10020bfa f i LIBCMT:_ctype.obj
 0001:0001fc27       _ispunct                   10020c27 f i LIBCMT:_ctype.obj
 0001:0001fc52       _isspace                   10020c52 f i LIBCMT:_ctype.obj
 0001:0001fc7d       _isupper                   10020c7d f i LIBCMT:_ctype.obj
 0001:0001fca8       _isxdigit                  10020ca8 f i LIBCMT:_ctype.obj
 0001:0001fcd5       __tolower                  10020cd5 f   LIBCMT:tolower.obj
 0001:0001fce0       __tolower_l                10020ce0 f   LIBCMT:tolower.obj
 0001:0001fe23       _tolower                   10020e23 f   LIBCMT:tolower.obj
 0001:0001fe4f       _strcpy_s                  10020e4f f   LIBCMT:strcpy_s.obj
 0001:0001feb0       _strrchr                   10020eb0 f   LIBCMT:strrchr.obj
 0001:0001ffe7       __fptostr                  10020fe7 f   LIBCMT:_fptostr.obj
 0001:00020097       ___crt_atoflt_l            10021097 f   LIBCMT:atodbl.obj
 0001:0002013b       __atodbl                   1002113b f   LIBCMT:atodbl.obj
 0001:00020150       __atodbl_l                 10021150 f   LIBCMT:atodbl.obj
 0001:000201de       __atoflt                   100211de f   LIBCMT:atodbl.obj
 0001:000201f3       __atoflt_l                 100211f3 f   LIBCMT:atodbl.obj
 0001:0002020b       __atoldbl                  1002120b f   LIBCMT:atodbl.obj
 0001:00020220       __atoldbl_l                10021220 f   LIBCMT:atodbl.obj
 0001:000202af       ___dtold                   100212af f   LIBCMT:cfout.obj
 0001:00020377       __fltout2                  10021377 f   LIBCMT:cfout.obj
 0001:00020410       __alldvrm                  10021410 f   LIBCMT:lldvrm.obj
 0001:000204f0       __aullshr                  100214f0 f   LIBCMT:ullshr.obj
 0001:0002050f       __get_output_format        1002150f f   LIBCMT:outputformat.obj
 0001:00020515       __set_output_format        10021515 f   LIBCMT:outputformat.obj
 0001:00020547       __controlfp_s              10021547 f   LIBCMT:contrlfp.obj
 0001:000205a4       __fptrap                   100215a4 f   LIBCMT:crt0fp.obj
 0001:000205ad       __matherr                  100215ad f   LIBCMT:matherr.obj
 0001:000205b0       __msize                    100215b0 f   LIBCMT:msize.obj
 0001:000205e1       __recalloc                 100215e1 f   LIBCMT:recalloc.obj
 0001:0002064a       _strncpy_s                 1002164a f   LIBCMT:strncpy_s.obj
 0001:000207d2       __MallocaIsSizeInRange     100217d2 f i LIBCMT:a_loc.obj
 0001:000207e3       __MarkAllocaS              100217e3 f i LIBCMT:a_loc.obj
 0001:000207f7       ___crtGetLocaleInfoA       100217f7 f   LIBCMT:a_loc.obj
 0001:00020831       __freea                    10021831 f i LIBCMT:a_loc.obj
 0001:0002084f       _GetTableIndexFromLcid     1002184f f   LIBCMT:winapinls.obj
 0001:00020884       _GetTableIndexFromLocaleName 10021884 f   LIBCMT:winapinls.obj
 0001:000208d2       ___crtCompareStringEx      100218d2 f   LIBCMT:winapinls.obj
 0001:0002091e       ___crtDownlevelLCIDToLocaleName 1002191e f   LIBCMT:winapinls.obj
 0001:0002099a       ___crtDownlevelLocaleNameToLCID 1002199a f   LIBCMT:winapinls.obj
 0001:000209d8       ___crtEnumSystemLocalesEx  100219d8 f   LIBCMT:winapinls.obj
 0001:00020a15       ___crtGetDateFormatEx      10021a15 f   LIBCMT:winapinls.obj
 0001:00020a5e       ___crtGetLocaleInfoEx      10021a5e f   LIBCMT:winapinls.obj
 0001:00020a8d       ___crtGetTimeFormatEx      10021a8d f   LIBCMT:winapinls.obj
 0001:00020ac2       ___crtGetUserDefaultLocaleName 10021ac2 f   LIBCMT:winapinls.obj
 0001:00020aed       ___crtIsValidLocaleName    10021aed f   LIBCMT:winapinls.obj
 0001:00020b18       ___crtLCMapStringEx        10021b18 f   LIBCMT:winapinls.obj
 0001:00020b64       ___wcsnicmp_ascii          10021b64 f   LIBCMT:winapinls.obj
 0001:00020df6       ___crtLCMapStringA         10021df6 f   LIBCMT:a_map.obj
 0001:00020f34       ___crtGetStringTypeA       10021f34 f   LIBCMT:a_str.obj
 0001:00020f74       __commit                   10021f74 f   LIBCMT:commit.obj
 0001:0002105d       ___lock_fhandle            1002205d f   LIBCMT:osfinfo.obj
 0001:000210eb       __alloc_osfhnd             100220eb f   LIBCMT:osfinfo.obj
 0001:00021294       __free_osfhnd              10022294 f   LIBCMT:osfinfo.obj
 0001:0002131a       __get_osfhandle            1002231a f   LIBCMT:osfinfo.obj
 0001:00021381       __open_osfhandle           10022381 f   LIBCMT:osfinfo.obj
 0001:00021497       __set_osfhnd               10022497 f   LIBCMT:osfinfo.obj
 0001:00021519       __unlock_fhandle           10022519 f   LIBCMT:osfinfo.obj
 0001:0002153f       __open                     1002253f f   LIBCMT:open.obj
 0001:000215ef       __sopen                    100225ef f   LIBCMT:open.obj
 0001:00021622       __sopen_helper             10022622 f   LIBCMT:open.obj
 0001:000216eb       __sopen_nolock             100226eb f   LIBCMT:open.obj
 0001:00021739       __sopen_s                  10022739 f   LIBCMT:open.obj
 0001:00021757       __mbsnbcmp                 10022757 f   LIBCMT:mbsnbcmp.obj
 0001:0002176f       __mbsnbcmp_l               1002276f f   LIBCMT:mbsnbcmp.obj
 0001:00021886       __mbsnbicmp                10022886 f   LIBCMT:mbsnbicm.obj
 0001:0002189e       __mbsnbicmp_l              1002289e f   LIBCMT:mbsnbicm.obj
 0001:00021a60       __global_unwind2           10022a60 f   LIBCMT:exsup.obj
 0001:00021ac5       __local_unwind2            10022ac5 f   LIBCMT:exsup.obj
 0001:00021b49       __abnormal_termination     10022b49 f   LIBCMT:exsup.obj
 0001:00021b6c       __NLG_Notify1              10022b6c f   LIBCMT:exsup.obj
 0001:00021b75       __NLG_Notify               10022b75 f   LIBCMT:exsup.obj
 0001:00021b8c       __NLG_Dispatch             10022b8c     LIBCMT:exsup.obj
 0001:00021b8c       __NLG_Dispatch2            10022b8c     LIBCMT:exsup.obj
 0001:00021b94       __NLG_Call                 10022b94 f   LIBCMT:exsup.obj
 0001:00021b96       __NLG_Return2              10022b96     LIBCMT:exsup.obj
 0001:00021b97       __getbuf                   10022b97 f   LIBCMT:_getbuf.obj
 0001:00021bdd       __lseeki64                 10022bdd f   LIBCMT:lseeki64.obj
 0001:00021cd9       __lseeki64_nolock          10022cd9 f   LIBCMT:lseeki64.obj
 0001:00021d4c       __mbtowc_l                 10022d4c f   LIBCMT:mbtowc.obj
 0001:00021e41       _mbtowc                    10022e41 f   LIBCMT:mbtowc.obj
 0001:00021e59       __putwch                   10022e59 f   LIBCMT:putwch.obj
 0001:00021ea5       __putwch_nolock            10022ea5 f   LIBCMT:putwch.obj
 0001:00021ef0       __chkstk                   10022ef0 f   LIBCMT:chkstk.obj
 0001:00021ef0       __alloca_probe             10022ef0 f   LIBCMT:chkstk.obj
 0001:00021f1b       __vfwprintf_l              10022f1b f   LIBCMT:vfwprint.obj
 0001:00021f39       __vfwprintf_p              10022f39 f   LIBCMT:vfwprint.obj
 0001:00021f56       __vfwprintf_p_l            10022f56 f   LIBCMT:vfwprint.obj
 0001:00021f74       __vfwprintf_s_l            10022f74 f   LIBCMT:vfwprint.obj
 0001:00021f92       _vfwprintf                 10022f92 f   LIBCMT:vfwprint.obj
 0001:00021faf       _vfwprintf_helper          10022faf f   LIBCMT:vfwprint.obj
 0001:00022042       _vfwprintf_s               10023042 f   LIBCMT:vfwprint.obj
 0001:0002205f       __woutput_l                1002305f f   LIBCMT:woutput.obj
 0001:00022d3e       __woutput_s_l              10023d3e f   LIBCMT:woutputs.obj
 0001:00023a55       __validate_param_reuseW    10024a55 f   LIBCMT:woutputp.obj
 0001:00023bcd       __woutput_p_l              10024bcd f   LIBCMT:woutputp.obj
 0001:00024ff6       __ismbbalnum               10025ff6 f   LIBCMT:ismbbyte.obj
 0001:0002500f       __ismbbalnum_l             1002600f f   LIBCMT:ismbbyte.obj
 0001:00025029       __ismbbalpha               10026029 f   LIBCMT:ismbbyte.obj
 0001:00025042       __ismbbalpha_l             10026042 f   LIBCMT:ismbbyte.obj
 0001:0002505c       __ismbbblank               1002605c f   LIBCMT:ismbbyte.obj
 0001:0002507d       __ismbbblank_l             1002607d f   LIBCMT:ismbbyte.obj
 0001:0002509f       __ismbbgraph               1002609f f   LIBCMT:ismbbyte.obj
 0001:000250b8       __ismbbgraph_l             100260b8 f   LIBCMT:ismbbyte.obj
 0001:000250d2       __ismbbkalnum              100260d2 f   LIBCMT:ismbbyte.obj
 0001:000250e8       __ismbbkalnum_l            100260e8 f   LIBCMT:ismbbyte.obj
 0001:000250ff       __ismbbkana                100260ff f   LIBCMT:ismbbyte.obj
 0001:00025110       __ismbbkana_l              10026110 f   LIBCMT:ismbbyte.obj
 0001:0002515c       __ismbbkprint              1002615c f   LIBCMT:ismbbyte.obj
 0001:00025172       __ismbbkprint_l            10026172 f   LIBCMT:ismbbyte.obj
 0001:00025189       __ismbbkpunct              10026189 f   LIBCMT:ismbbyte.obj
 0001:0002519f       __ismbbkpunct_l            1002619f f   LIBCMT:ismbbyte.obj
 0001:000251b6       __ismbblead                100261b6 f   LIBCMT:ismbbyte.obj
 0001:000251cc       __ismbblead_l              100261cc f   LIBCMT:ismbbyte.obj
 0001:000251e3       __ismbbprint               100261e3 f   LIBCMT:ismbbyte.obj
 0001:000251fc       __ismbbprint_l             100261fc f   LIBCMT:ismbbyte.obj
 0001:00025216       __ismbbpunct               10026216 f   LIBCMT:ismbbyte.obj
 0001:0002522c       __ismbbpunct_l             1002622c f   LIBCMT:ismbbyte.obj
 0001:00025243       __ismbbtrail               10026243 f   LIBCMT:ismbbyte.obj
 0001:00025259       __ismbbtrail_l             10026259 f   LIBCMT:ismbbyte.obj
 0001:00025496       __strtol_l                 10026496 f   LIBCMT:strtol.obj
 0001:000254b1       __strtoul_l                100264b1 f   LIBCMT:strtol.obj
 0001:000254cc       _strtol                    100264cc f   LIBCMT:strtol.obj
 0001:000254f6       _strtoul                   100264f6 f   LIBCMT:strtol.obj
 0001:00025520       ___free_lconv_mon          10026520 f   LIBCMT:initmon.obj
 0001:0002561c       ___init_monetary           1002661c f   LIBCMT:initmon.obj
 0001:000259f5       ___free_lconv_num          100269f5 f   LIBCMT:initnum.obj
 0001:00025a5c       ___init_numeric            10026a5c f   LIBCMT:initnum.obj
 0001:00025c9a       ___free_lc_time            10026c9a f   LIBCMT:inittime.obj
 0001:0002601a       ___init_time               1002701a f   LIBCMT:inittime.obj
 0001:00026889       _localeconv                10027889 f   LIBCMT:lconv.obj
 0001:000268af       __iswctype_l               100278af f   LIBCMT:iswctype.obj
 0001:000268c1       _is_wctype                 100278c1 f   LIBCMT:iswctype.obj
 0001:000268ca       _iswctype                  100278ca f   LIBCMT:iswctype.obj
 0001:00026920       ____lc_codepage_func       10027920 f   LIBCMT:initctyp.obj
 0001:00026946       ____lc_collate_cp_func     10027946 f   LIBCMT:initctyp.obj
 0001:0002696c       ____lc_locale_name_func    1002796c f   LIBCMT:initctyp.obj
 0001:00026994       ____mb_cur_max_func        10027994 f   LIBCMT:initctyp.obj
 0001:000269ba       ____mb_cur_max_l_func      100279ba f   LIBCMT:initctyp.obj
 0001:000269d1       ___init_ctype              100279d1 f   LIBCMT:initctyp.obj
 0001:00026d69       ___pctype_func             10027d69 f   LIBCMT:ctype.obj
 0001:00026d92       ___pwctype_func            10027d92 f   LIBCMT:ctype.obj
 0001:00026d98       __isctype                  10027d98 f   LIBCMT:isctype.obj
 0001:00026dc7       __isctype_l                10027dc7 f   LIBCMT:isctype.obj
 0001:00026e78       ___init_dummy              10027e78 f   LIBCMT:wsetloca.obj
 0001:00026e7b       __locterm                  10027e7b f   LIBCMT:wsetloca.obj
 0001:00026ecd       ____setlc_active_func      10027ecd f   LIBCMT:wsetloca.obj
 0001:00026ed3       ____unguarded_readlc_active_add_func 10027ed3 f   LIBCMT:wsetloca.obj
 0001:00026ed9       ___copy_locale_name        10027ed9 f   LIBCMT:wsetloca.obj
 0001:00026f3d       ___create_locale           10027f3d f   LIBCMT:wsetloca.obj
 0001:00026f46       ___free_locale             10027f46 f   LIBCMT:wsetloca.obj
 0001:00026f4b       ___get_current_locale      10027f4b f   LIBCMT:wsetloca.obj
 0001:00026f50       ___lc_lctowcs              10027f50 f   LIBCMT:wsetloca.obj
 0001:00026fbe       ___lc_wcstolc              10027fbe f   LIBCMT:wsetloca.obj
 0001:000270ea       __configthreadlocale       100280ea f   LIBCMT:wsetloca.obj
 0001:00027170       __create_locale            10028170 f   LIBCMT:wsetloca.obj
 0001:000271d2       __expandlocale             100281d2 f   LIBCMT:wsetloca.obj
 0001:000274c9       __free_locale              100284c9 f   LIBCMT:wsetloca.obj
 0001:00027580       __get_current_locale       10028580 f   LIBCMT:wsetloca.obj
 0001:0002762f       __wcreate_locale           1002862f f   LIBCMT:wsetloca.obj
 0001:00027706       __wcscats                  10028706 f   LIBCMT:wsetloca.obj
 0001:00027745       __wsetlocale               10028745 f   LIBCMT:wsetloca.obj
 0001:00028087       __CopyMan                  10029087 f i LIBCMT:intrncvt.obj
 0001:000280a4       __FillZeroMan              100290a4 f i LIBCMT:intrncvt.obj
 0001:000280b3       __IncMan                   100290b3 f i LIBCMT:intrncvt.obj
 0001:00028115       __IsZeroMan                10029115 f i LIBCMT:intrncvt.obj
 0001:00028132       __RoundMan                 10029132 f i LIBCMT:intrncvt.obj
 0001:00028233       __ShrMan                   10029233 f i LIBCMT:intrncvt.obj
 0001:000282c1       __ZeroTail                 100292c1 f i LIBCMT:intrncvt.obj
 0001:00028309       ___addl                    10029309 f i LIBCMT:intrncvt.obj
 0001:0002832d       __ld12cvt                  1002932d f i LIBCMT:intrncvt.obj
 0001:00028898       __ld12tod                  10029898 f   LIBCMT:intrncvt.obj
 0001:00028e0a       __ld12tof                  10029e0a f   LIBCMT:intrncvt.obj
 0001:0002937c       __ld12told                 1002a37c f   LIBCMT:intrncvt.obj
 0001:0002944b       ___STRINGTOLD_L            1002a44b f   LIBCMT:strgtold.obj
 0001:000294a6       ___ld12mul                 1002a4a6 f i LIBCMT:strgtold.obj
 0001:00029772       ___multtenpow12            1002a772 f i LIBCMT:strgtold.obj
 0001:00029ac5       ___shl_12                  1002aac5 f i LIBCMT:strgtold.obj
 0001:00029af6       ___shr_12                  1002aaf6 f i LIBCMT:strgtold.obj
 0001:00029b26       ___strgtold12_l            1002ab26 f   LIBCMT:strgtold.obj
 0001:0002a2ce       _$I10_OUTPUT               1002b2ce f   LIBCMT:x10fout.obj
 0001:0002aca2       ___add_12                  1002bca2 f i LIBCMT:x10fout.obj
 0001:0002ae4e       ___control87_2             1002be4e f   LIBCMT:ieee87.obj
 0001:0002b4c2       __clearfp                  1002c4c2 f   LIBCMT:ieee87.obj
 0001:0002b5a2       __control87                1002c5a2 f i LIBCMT:ieee87.obj
 0001:0002b8a4       __controlfp                1002c8a4 f   LIBCMT:ieee87.obj
 0001:0002bbaf       __fpreset                  1002cbaf f   LIBCMT:ieee87.obj
 0001:0002bc7c       __set_controlfp            1002cc7c f   LIBCMT:ieee87.obj
 0001:0002bcef       __statusfp                 1002ccef f   LIBCMT:ieee87.obj
 0001:0002bd89       __statusfp2                1002cd89 f   LIBCMT:ieee87.obj
 0001:0002bdf0       __alloca_probe_16          1002cdf0 f   LIBCMT:alloca16.obj
 0001:0002be06       __alloca_probe_8           1002ce06     LIBCMT:alloca16.obj
 0001:0002be1c       _wcsnlen                   1002ce1c f   LIBCMT:wcslen_s.obj
 0001:0002bec3       __wopen                    1002cec3 f   LIBCMT:wopen.obj
 0001:0002bf73       __wsopen                   1002cf73 f   LIBCMT:wopen.obj
 0001:0002bfa6       __wsopen_helper            1002cfa6 f   LIBCMT:wopen.obj
 0001:0002c06f       __wsopen_nolock            1002d06f f   LIBCMT:wopen.obj
 0001:0002c7c2       __wsopen_s                 1002d7c2 f   LIBCMT:wopen.obj
 0001:0002c7e0       _strncmp                   1002d7e0 f   LIBCMT:strncmp.obj
 0001:0002c858       __strnicmp                 1002d858 f   LIBCMT:strnicmp.obj
 0001:0002c8c3       __strnicmp_l               1002d8c3 f   LIBCMT:strnicmp.obj
 0001:0002c974       ___termconout              1002d974 f   LIBCMT:initcon.obj
 0001:0002c98b       ___initconout              1002d98b f   LIBCMT:initcon.obj
 0001:0002c9aa       __fputwc_nolock            1002d9aa f   LIBCMT:fputwc.obj
 0001:0002cb30       _fputwc                    1002db30 f   LIBCMT:fputwc.obj
 0001:0002cba7       _putwc                     1002dba7 f   LIBCMT:fputwc.obj
 0001:0002cd91       __wcstol_l                 1002dd91 f   LIBCMT:wcstol.obj
 0001:0002cda9       __wcstoul_l                1002dda9 f   LIBCMT:wcstol.obj
 0001:0002cdc1       _wcstol                    1002ddc1 f   LIBCMT:wcstol.obj
 0001:0002cdd9       _wcstoul                   1002ddd9 f   LIBCMT:wcstol.obj
 0001:0002cdf1       ___init_collate            1002ddf1 f   LIBCMT:initcoll.obj
 0001:0002cf11       _memcmp                    1002df11 f   LIBCMT:memcmp.obj
 0001:0002fe25       _wcscmp                    10030e25 f   LIBCMT:wcscmp.obj
 0001:0002fe63       _wcscspn                   10030e63 f   LIBCMT:wcscspn.obj
 0001:0002feae       _wcsncmp                   10030eae f   LIBCMT:wcsncmp.obj
 0001:0002fee4       _wcspbrk                   10030ee4 f   LIBCMT:wcspbrk.obj
 0001:000304e8       ___get_qualified_locale    100314e8 f   LIBCMT:getqloc.obj
 0001:00030d58       ___get_qualified_locale_downlevel 10031d58 f   LIBCMT:getqloc_downlevel.obj
 0001:00030f74       ___mtold12                 10031f74 f   LIBCMT:mantold.obj
 0001:00031154       __chsize                   10032154 f   LIBCMT:chsize.obj
 0001:0003116e       __chsize_nolock            1003216e f   LIBCMT:chsize.obj
 0001:00031324       __chsize_s                 10032324 f   LIBCMT:chsize.obj
 0001:00031412       __get_fmode                10032412 f   LIBCMT:setmode.obj
 0001:0003143c       __set_fmode                1003243c f   LIBCMT:setmode.obj
 0001:00031477       __setmode                  10032477 f   LIBCMT:setmode.obj
 0001:0003157c       __setmode_nolock           1003257c f   LIBCMT:setmode.obj
 0001:00031650       ___ascii_strnicmp          10032650 f   LIBCMT:_strnicm.obj
 0001:000316b1       __flswbuf                  100326b1 f   LIBCMT:_flswbuf.obj
 0001:00031813       __wchartodigit             10032813 f   LIBCMT:wchtodig.obj
 0001:000319b2       __wtoi                     100329b2 f   LIBCMT:wtox.obj
 0001:000319bb       __wtoi64                   100329bb f   LIBCMT:wtox.obj
 0001:000319cf       __wtoi64_l                 100329cf f   LIBCMT:wtox.obj
 0001:000319e6       __wtoi_l                   100329e6 f   LIBCMT:wtox.obj
 0001:000319ef       __wtol                     100329ef f   LIBCMT:wtox.obj
 0001:00031a03       __wtol_l                   10032a03 f   LIBCMT:wtox.obj
 0001:00031a1a       __wtoll                    10032a1a f   LIBCMT:wtox.obj
 0001:00031a2e       __wtoll_l                  10032a2e f   LIBCMT:wtox.obj
 0001:00031a45       _wcschr                    10032a45 f   LIBCMT:wcschr.obj
 0001:00031af3       __wcsicmp                  10032af3 f   LIBCMT:wcsicmp.obj
 0001:00031b86       __wcsicmp_l                10032b86 f   LIBCMT:wcsicmp.obj
 0001:00031c61       __wcsnicmp                 10032c61 f   LIBCMT:wcsnicmp.obj
 0001:00031d17       __wcsnicmp_l               10032d17 f   LIBCMT:wcsnicmp.obj
 0001:000320e0       __wcstof_l                 100330e0 f   LIBCMT:wcstoq.obj
 0001:00032193       __wcstoi64                 10033193 f   LIBCMT:wcstoq.obj
 0001:000321bd       __wcstoi64_l               100331bd f   LIBCMT:wcstoq.obj
 0001:000321d8       __wcstoimax_l              100331d8 f   LIBCMT:wcstoq.obj
 0001:000321e1       __wcstold_l                100331e1 f   LIBCMT:wcstoq.obj
 0001:000321ea       __wcstoll_l                100331ea f   LIBCMT:wcstoq.obj
 0001:000321f3       __wcstoui64                100331f3 f   LIBCMT:wcstoq.obj
 0001:0003221d       __wcstoui64_l              1003321d f   LIBCMT:wcstoq.obj
 0001:00032238       __wcstoull_l               10033238 f   LIBCMT:wcstoq.obj
 0001:00032241       __wcstoumax_l              10033241 f   LIBCMT:wcstoq.obj
 0001:0003224a       _wcstof                    1003324a f   LIBCMT:wcstoq.obj
 0001:0003225f       _wcstoimax                 1003325f f   LIBCMT:wcstoq.obj
 0001:00032268       _wcstold                   10033268 f   LIBCMT:wcstoq.obj
 0001:00032271       _wcstoll                   10033271 f   LIBCMT:wcstoq.obj
 0001:0003227a       _wcstoull                  1003327a f   LIBCMT:wcstoq.obj
 0001:00032283       _wcstoumax                 10033283 f   LIBCMT:wcstoq.obj
 0001:0003228c       __towlower_l               1003328c f   LIBCMT:towlower.obj
 0001:0003233d       _towlower                  1003333d f   LIBCMT:towlower.obj
 0001:0003234e       __wcstod_l                 1003334e f   LIBCMT:wcstod.obj
 0001:00032449       _wcstod                    10033449 f   LIBCMT:wcstod.obj
 0001:00032460       __allmul                   10033460 f   LIBCMT:llmul.obj
 0001:00032494       ___crtLCMapStringW         10033494 f   LIBCMT:w_map.obj
 0001:000324c3       __wfltin2                  100334c3 f   LIBCMT:wcfin.obj
 0001:00032570       ___WSTRINGTOLD_L           10033570 f   LIBCMT:wstrgtold.obj
 0001:000325cb       ___wstrgtold12_l           100335cb f   LIBCMT:wstrgtold.obj
 0001:00032e1c       _GetModuleHandleA@4        10033e1c f   kernel32:KERNEL32.dll
 0001:00032e22       _GetProcAddress@8          10033e22 f   kernel32:KERNEL32.dll
 0001:00032e28       _HeapAlloc@12              10033e28 f   kernel32:KERNEL32.dll
 0001:00032e2e       _IsDebuggerPresent@0       10033e2e f   kernel32:KERNEL32.dll
 0001:00032e34       _IsProcessorFeaturePresent@4 10033e34 f   kernel32:KERNEL32.dll
 0001:00032e3a       _EncodePointer@4           10033e3a f   kernel32:KERNEL32.dll
 0001:00032e40       _DecodePointer@4           10033e40 f   kernel32:KERNEL32.dll
 0001:00032e46       _GetLastError@0            10033e46 f   kernel32:KERNEL32.dll
 0001:00032e4c       _ExitProcess@4             10033e4c f   kernel32:KERNEL32.dll
 0001:00032e52       _GetModuleHandleExW@12     10033e52 f   kernel32:KERNEL32.dll
 0001:00032e58       _AreFileApisANSI@0         10033e58 f   kernel32:KERNEL32.dll
 0001:00032e5e       _MultiByteToWideChar@24    10033e5e f   kernel32:KERNEL32.dll
 0001:00032e64       _WideCharToMultiByte@32    10033e64 f   kernel32:KERNEL32.dll
 0001:00032e6a       _HeapFree@12               10033e6a f   kernel32:KERNEL32.dll
 0001:00032e70       _HeapReAlloc@16            10033e70 f   kernel32:KERNEL32.dll
 0001:00032e76       _EnterCriticalSection@4    10033e76 f   kernel32:KERNEL32.dll
 0001:00032e7c       _LeaveCriticalSection@4    10033e7c f   kernel32:KERNEL32.dll
 0001:00032e82       _GetStdHandle@4            10033e82 f   kernel32:KERNEL32.dll
 0001:00032e88       _GetFileType@4             10033e88 f   kernel32:KERNEL32.dll
 0001:00032e8e       _GetModuleFileNameW@12     10033e8e f   kernel32:KERNEL32.dll
 0001:00032e94       _WriteConsoleW@20          10033e94 f   kernel32:KERNEL32.dll
 0001:00032e9a       _GetCommandLineA@0         10033e9a f   kernel32:KERNEL32.dll
 0001:00032ea0       _GetCurrentThreadId@0      10033ea0 f   kernel32:KERNEL32.dll
 0001:00032ea6       _WriteFile@20              10033ea6 f   kernel32:KERNEL32.dll
 0001:00032eac       _GetProcessHeap@0          10033eac f   kernel32:KERNEL32.dll
 0001:00032eb2       _RaiseException@16         10033eb2 f   kernel32:KERNEL32.dll
 0001:00032eb8       _UnhandledExceptionFilter@4 10033eb8 f   kernel32:KERNEL32.dll
 0001:00032ebe       _SetUnhandledExceptionFilter@4 10033ebe f   kernel32:KERNEL32.dll
 0001:00032ec4       _SetLastError@4            10033ec4 f   kernel32:KERNEL32.dll
 0001:00032eca       _InitializeCriticalSectionAndSpinCount@8 10033eca f   kernel32:KERNEL32.dll
 0001:00032ed0       _CreateEventW@16           10033ed0 f   kernel32:KERNEL32.dll
 0001:00032ed6       _Sleep@4                   10033ed6 f   kernel32:KERNEL32.dll
 0001:00032edc       _GetCurrentProcess@0       10033edc f   kernel32:KERNEL32.dll
 0001:00032ee2       _TerminateProcess@8        10033ee2 f   kernel32:KERNEL32.dll
 0001:00032ee8       _TlsAlloc@0                10033ee8 f   kernel32:KERNEL32.dll
 0001:00032eee       _TlsGetValue@4             10033eee f   kernel32:KERNEL32.dll
 0001:00032ef4       _TlsSetValue@8             10033ef4 f   kernel32:KERNEL32.dll
 0001:00032efa       _TlsFree@4                 10033efa f   kernel32:KERNEL32.dll
 0001:00032f00       _GetStartupInfoW@4         10033f00 f   kernel32:KERNEL32.dll
 0001:00032f06       _GetTickCount@0            10033f06 f   kernel32:KERNEL32.dll
 0001:00032f0c       _GetModuleHandleW@4        10033f0c f   kernel32:KERNEL32.dll
 0001:00032f12       _CreateSemaphoreW@16       10033f12 f   kernel32:KERNEL32.dll
 0001:00032f18       _DeleteCriticalSection@4   10033f18 f   kernel32:KERNEL32.dll
 0001:00032f1e       _FatalAppExitA@8           10033f1e f   kernel32:KERNEL32.dll
 0001:00032f24       _SetConsoleCtrlHandler@8   10033f24 f   kernel32:KERNEL32.dll
 0001:00032f2a       _FreeLibrary@4             10033f2a f   kernel32:KERNEL32.dll
 0001:00032f30       _LoadLibraryExW@12         10033f30 f   kernel32:KERNEL32.dll
 0001:00032f36       _IsValidCodePage@4         10033f36 f   kernel32:KERNEL32.dll
 0001:00032f3c       _GetACP@0                  10033f3c f   kernel32:KERNEL32.dll
 0001:00032f42       _GetOEMCP@0                10033f42 f   kernel32:KERNEL32.dll
 0001:00032f48       _GetCPInfo@8               10033f48 f   kernel32:KERNEL32.dll
 0001:00032f4e       _CloseHandle@4             10033f4e f   kernel32:KERNEL32.dll
 0001:00032f54       _RtlUnwind@16              10033f54 f   kernel32:KERNEL32.dll
 0001:00032f5a       _ReadFile@20               10033f5a f   kernel32:KERNEL32.dll
 0001:00032f60       _GetConsoleMode@8          10033f60 f   kernel32:KERNEL32.dll
 0001:00032f66       _ReadConsoleW@20           10033f66 f   kernel32:KERNEL32.dll
 0001:00032f6c       _GetConsoleCP@0            10033f6c f   kernel32:KERNEL32.dll
 0001:00032f72       _DeleteFileW@4             10033f72 f   kernel32:KERNEL32.dll
 0001:00032f78       _SetFilePointerEx@20       10033f78 f   kernel32:KERNEL32.dll
 0001:00032f7e       _OutputDebugStringW@4      10033f7e f   kernel32:KERNEL32.dll
 0001:00032f84       _GetCurrentThread@0        10033f84 f   kernel32:KERNEL32.dll
 0001:00032f8a       _GetModuleFileNameA@12     10033f8a f   kernel32:KERNEL32.dll
 0001:00032f90       _QueryPerformanceCounter@4 10033f90 f   kernel32:KERNEL32.dll
 0001:00032f96       _GetCurrentProcessId@0     10033f96 f   kernel32:KERNEL32.dll
 0001:00032f9c       _GetSystemTimeAsFileTime@4 10033f9c f   kernel32:KERNEL32.dll
 0001:00032fa2       _GetEnvironmentStringsW@0  10033fa2 f   kernel32:KERNEL32.dll
 0001:00032fa8       _FreeEnvironmentStringsW@4 10033fa8 f   kernel32:KERNEL32.dll
 0001:00032fae       _HeapSize@12               10033fae f   kernel32:KERNEL32.dll
 0001:00032fb4       _GetDateFormatW@24         10033fb4 f   kernel32:KERNEL32.dll
 0001:00032fba       _GetTimeFormatW@24         10033fba f   kernel32:KERNEL32.dll
 0001:00032fc0       _CompareStringW@24         10033fc0 f   kernel32:KERNEL32.dll
 0001:00032fc6       _LCMapStringW@24           10033fc6 f   kernel32:KERNEL32.dll
 0001:00032fcc       _GetLocaleInfoW@16         10033fcc f   kernel32:KERNEL32.dll
 0001:00032fd2       _IsValidLocale@8           10033fd2 f   kernel32:KERNEL32.dll
 0001:00032fd8       _GetUserDefaultLCID@0      10033fd8 f   kernel32:KERNEL32.dll
 0001:00032fde       _EnumSystemLocalesW@8      10033fde f   kernel32:KERNEL32.dll
 0001:00032fe4       _GetStringTypeW@16         10033fe4 f   kernel32:KERNEL32.dll
 0001:00032fea       _FlushFileBuffers@4        10033fea f   kernel32:KERNEL32.dll
 0001:00032ff0       _SetStdHandle@8            10033ff0 f   kernel32:KERNEL32.dll
 0001:00032ff6       _CreateFileW@28            10033ff6 f   kernel32:KERNEL32.dll
 0001:00032ffc       _SetEndOfFile@4            10033ffc f   kernel32:KERNEL32.dll
 0002:00000000       ___xc_a                    1003f000     LIBCMT:crt0init.obj
 0002:00000104       ___xc_z                    1003f104     LIBCMT:crt0init.obj
 0002:00000208       ___xi_a                    1003f208     LIBCMT:crt0init.obj
 0002:00000420       ___xi_z                    1003f420     LIBCMT:crt0init.obj
 0002:00000524       ___xp_a                    1003f524     LIBCMT:crt0init.obj
 0002:00000838       ___xp_z                    1003f838     LIBCMT:crt0init.obj
 0002:0000093c       ___xt_a                    1003f93c     LIBCMT:crt0init.obj
 0002:00000a40       ___xt_z                    1003fa40     LIBCMT:crt0init.obj
 0002:00000b88       _Control_Mov_PI_Digilent_M 1003fb88     Control_Mov_PI_Digilent.obj
 0002:00000c04       ??_C@_06JFOKFOED@CSTATE?$AA@ 1003fc04     Control_Mov_PI_Digilent.obj
 0002:00000c0c       ??_C@_0DB@OMHIBDFF@Control_Mov_PI_Digilent?1PI?5Contr@ 1003fc0c     Control_Mov_PI_Digilent.obj
 0002:00000c46       ??_C@_00CNPNBAHC@?$AA@     1003fc46     Control_Mov_PI_Digilent.obj
 0002:00000c48       ??_C@_0BI@PBFPDHLE@Error?5creating?5scope?54?6?$AA@ 1003fc48     Control_Mov_PI_Digilent.obj
 0002:00000c64       ??_C@_0BC@MJAGNLOL@PI?5Controller?1Sum?$AA@ 1003fc64     Control_Mov_PI_Digilent.obj
 0002:00000c7c       ??_C@_0BI@PHJEPFFP@Error?5creating?5scope?51?6?$AA@ 1003fc7c     Control_Mov_PI_Digilent.obj
 0002:00000c98       ??_C@_03IFGKDPPO@Sum?$AA@  1003fc98     Control_Mov_PI_Digilent.obj
 0002:00000c9c       ??_C@_0BE@CIOIMEH@C?3?2Rafa?2Error_1?4dat?$AA@ 1003fc9c     Control_Mov_PI_Digilent.obj
 0002:00000cb4       ??_C@_0BI@PCNLODNK@Error?5creating?5scope?56?6?$AA@ 1003fcb4     Control_Mov_PI_Digilent.obj
 0002:00000cd0       ??_C@_0BI@PAJNFNID@Error?5creating?5scope?55?6?$AA@ 1003fcd0     Control_Mov_PI_Digilent.obj
 0002:00000cec       ??_C@_0BM@FEEOGKJO@Trayectoria?5Posicion?1FromWs?$AA@ 1003fcec     Control_Mov_PI_Digilent.obj
 0002:00000d10       ??_C@_0BO@FDIFNCDP@Encoder?9Grados?5Reductora?51?353?$AA@ 1003fd10     Control_Mov_PI_Digilent.obj
 0002:00000d34       ??_C@_0P@HKBIBKDL@C?3?2out_bad?4dat?$AA@ 1003fd34     Control_Mov_PI_Digilent.obj
 0002:00000d48       ??_C@_0BI@PEBACBDB@Error?5creating?5scope?53?6?$AA@ 1003fd48     Control_Mov_PI_Digilent.obj
 0002:00000d64       ??_C@_0BI@PFNCELAG@Error?5creating?5scope?52?6?$AA@ 1003fd64     Control_Mov_PI_Digilent.obj
 0002:00000d80       ??_C@_04CMIMOENB@ode3?$AA@ 1003fd80     Control_Mov_PI_Digilent.obj
 0002:00000d88       ??_C@_04EPKDLPPB@tout?$AA@ 1003fd88     Control_Mov_PI_Digilent.obj
[...]
 0003:00008d60       _CANAC2_2_receive_mb2      10054d60     <common>
 0003:00009080       _CANAC2_2_send_mb2         10055080     <common>
 0003:000093a0       _CANAC2_1_receive_mb2      100553a0     <common>
 0003:000096c0       _CANAC2_1_send_mb2         100556c0     <common>
 0003:000099e0       _CANAC2_2_receiveindex_mb1 100559e0     <common>
 0003:00009d00       _CANAC2_2_receivemaxindex_mb1 10055d00     <common>
 0003:00009d20       _CANAC2_2_sendindex_mb1    10055d20     <common>
 0003:0000a040       _CANAC2_2_sendmaxindex_mb1 10056040     <common>
 0003:0000a060       _CANAC2_1_receiveindex_mb1 10056060     <common>
 0003:0000a380       _CANAC2_1_receivemaxindex_mb1 10056380     <common>
 0003:0000a3a0       _CANAC2_1_sendindex_mb1    100563a0     <common>
 0003:0000a6c0       _CANAC2_1_sendmaxindex_mb1 100566c0     <common>
 0003:0000a6e0       _CANAC2_2_receive_mb1      100566e0     <common>
 0003:0000aa00       _CANAC2_2_send_mb1         10056a00     <common>
 0003:0000ad20       _CANAC2_1_receive_mb1      10056d20     <common>
 0003:0000b040       _CANAC2_1_send_mb1         10057040     <common>
 0003:0000b360       _CANAC2_2_receiveindex     10057360     <common>
 0003:0000b680       _CANAC2_2_receivemaxindex  10057680     <common>
 0003:0000b6a0       _CANAC2_2_sendindex        100576a0     <common>
 0003:0000b9c0       _CANAC2_2_sendmaxindex     100579c0     <common>
 0003:0000b9e0       _CANAC2_1_receiveindex     100579e0     <common>
 0003:0000bd00       _CANAC2_1_receivemaxindex  10057d00     <common>
 0003:0000bd20       _CANAC2_1_sendindex        10057d20     <common>
 0003:0000c040       _CANAC2_1_sendmaxindex     10058040     <common>
 0003:0000c060       _CANAC2_2_receive          10058060     <common>
 0003:0000c380       _CANAC2_2_send             10058380     <common>
 0003:0000c6a0       _CANAC2_1_receive          100586a0     <common>
 0003:0000c9c0       _CANAC2_1_send             100589c0     <common>
 0003:0000cce0       _siepowercan_can_object_buffer_port2 10058ce0     <common>
 0003:00010d00       _siepowercan_can_object_buffer_port1 1005cd00     <common>
 0003:00014d00       _rtNaNF                    10060d00     <common>
 0003:00014d14       _rtMinusInfF               10060d14     <common>
 0003:00014d18       _rtInfF                    10060d18     <common>
 0003:00014d20       _rtNaN                     10060d20     <common>
 0003:00014d28       _rtMinusInf                10060d28     <common>
 0003:00014d30       _rtInf                     10060d30     <common>
 0003:00014d40       _slrtTETViaXCP             10060d40     <common>
 0003:00014d80       _Control_Mov_PI_Digilent_M_ 10060d80     <common>
 0003:00015d60       _Control_Mov_PI_Digilent_DW 10061d60     <common>
 0003:00015e80       _Control_Mov_PI_Digilent_X 10061e80     <common>
 0003:00015ea0       _Control_Mov_PI_Digilent_B 10061ea0     <common>
 0003:00015ef8       _xpceFSScopeSet            10061ef8     <common>
 0003:00015f6c       _rl32eSetScope             10061f6c     <common>
 0003:00015f70       _rl32eAddSignal            10061f70     <common>
 0003:00015f74       _rl32eGetSignalNo          10061f74     <common>
 0003:00015f78       _rl32eDefScope             10061f78     <common>
 0003:00015f7c       _rl32eScopeExists          10061f7c     <common>
 0003:00015f80       _TBGiveSpinFast            10061f80     <common>
 0003:00015f84       _TBTakeSpinFast            10061f84     <common>
 0003:00015f88       _TBDeleteSpin              10061f88     <common>
 0003:00015f8c       _TBCreateSpin              10061f8c     <common>
 0003:00015f90       _xpceGetParamDims          10061f90     <common>
 0003:00015f94       _xpceGetParameter          10061f94     <common>
 0003:00015f98       _xpceSetParameter          10061f98     <common>
 0003:00015f9c       _xpceGetSignalValue        10061f9c     <common>
 0003:00015fa0       _xpceAssignPCIInterrupt    10061fa0     <common>
 0003:00015fa4       _rl32eGetPCIInfoAtSlot     10061fa4     <common>
 0003:00015fa8       _rl32eGetPCIInfo           10061fa8     <common>
 0003:00015fac       _rl32eShowPCIInfo          10061fac     <common>
 0003:00015fb0       _rl32eShowPCIDev           10061fb0     <common>
 0003:00015fb4       _xpceGetTET                10061fb4     <common>
 0003:00015fb8       _xpceaddEvent              10061fb8     <common>
 0003:00015fbc       _xpceDeRegisterISR         10061fbc     <common>
 0003:00015fc0       _xpceRegisterISR           10061fc0     <common>
 0003:00015fc4       _xpcIsModelInit            10061fc4     <common>
 0003:00015fc8       _xpcGetElapsedTime         10061fc8     <common>
 0003:00015fcc       _xpcBusyWait               10061fcc     <common>
 0003:00015fd0       _xpcFreePhysicalMemory     10061fd0     <common>
 0003:00015fd4       _xpcAllocPhysicalMemory    10061fd4     <common>
 0003:00015fd8       _xpcReserveMemoryRegion    10061fd8     <common>
 0003:00015fdc       _xpcOutpB                  10061fdc     <common>
 0003:00015fe0       _xpcOutpW                  10061fe0     <common>
 0003:00015fe4       _xpcOutpDW                 10061fe4     <common>
 0003:00015fe8       _xpcInpB                   10061fe8     <common>
 0003:00015fec       _xpcInpW                   10061fec     <common>
 0003:00015ff0       _xpcInpDW                  10061ff0     <common>
 0003:00015ff4       _UDPCloseReceive           10061ff4     <common>
 0003:00015ff8       _UDPCloseSend              10061ff8     <common>
 0003:00015ffc       _UDPOpenReceive            10061ffc     <common>
 0003:00016000       _UDPOpenSend               10062000     <common>
 0003:00016004       _ResetClientSocket         10062004     <common>
 0003:00016008       _CloseClientSocket         10062008     <common>
 0003:0001600c       _ConnectClientSocket       1006200c     <common>
 0003:00016010       _BindClientSocket          10062010     <common>
 0003:00016014       _CreateClientSocket        10062014     <common>
 0003:00016018       _ResetServerSocket         10062018     <common>
 0003:0001601c       _CloseServerSocket         1006201c     <common>
 0003:00016020       _ConnectServerSocket       10062020     <common>
 0003:00016024       _OpenServerListen          10062024     <common>
 0003:00016028       _CreateServerSocket        10062028     <common>
 0003:0001602c       _SocketReceive             1006202c     <common>
 0003:00016030       _SocketSend                10062030     <common>
 0003:00016034       _GetSocketState            10062034     <common>
 0003:00016038       _GetSocket                 10062038     <common>
 0003:0001603c       _socket                    1006203c     <common>
 0003:00016040       _inet_addr                 10062040     <common>
 0003:00016044       _sendto                    10062044     <common>
 0003:00016048       _recvfrom                  10062048     <common>
 0003:0001604c       _listen                    1006204c     <common>
 0003:00016050       _ioctlsocket               10062050     <common>
 0003:00016054       _connect                   10062054     <common>
 0003:00016058       _closesocket               10062058     <common>
 0003:0001605c       _setsockopt                1006205c     <common>
 0003:00016060       _bind                      10062060     <common>
 0003:00016064       _accept                    10062064     <common>
 0003:00016068       _GetHostTarIPAdd           10062068     <common>
 0003:0001606c       _GetDCUUsage               1006206c     <common>
 0003:00016070       _DeleteRoute               10062070     <common>
 0003:00016074       _AddGatewayRoute           10062074     <common>
 0003:00016078       _SetIP                     10062078     <common>
 0003:0001607c       _CloseInterface            1006207c     <common>
 0003:00016080       _OpenInterface             10062080     <common>
 0003:00016084       _SetIPTASKPriority         10062084     <common>
 0003:00016088       _releaseNIC                10062088     <common>
 0003:0001608c       _NICGetIface               1006208c     <common>
 0003:00016090       _NICSetIface               10062090     <common>
 0003:00016094       _registerNIC               10062094     <common>
 0003:00016098       _slrtWarning               10062098     <common>
 0003:0001609c       _slrtGetCPUTCelsius        1006209c     <common>
 0003:000160a0       _geterrorstring            100620a0     <common>
 0003:000160a4       _getlasterror              100620a4     <common>
 0003:000160a8       _slrtGetProfilerState      100620a8     <common>
 0003:000160ac       _slrtStopProfiler          100620ac     <common>
 0003:000160b0       _slrtStartProfiler         100620b0     <common>
 0003:000160b4       _slrtLogEvent              100620b4     <common>
 0003:000160b8       _slrtGetDefaultDrive       100620b8     <common>
 0003:000160bc       _slrtfsFread               100620bc     <common>
 0003:000160c0       _slrtfsGetFileStatus       100620c0     <common>
 0003:000160c4       _slrtfsOpenFileAsync       100620c4     <common>
 0003:000160c8       _slrtfsCloseFileAsync      100620c8     <common>
 0003:000160cc       _slrtfsGetFileErrorMessage 100620cc     <common>
 0003:000160d0       _slrtfsGetFileError        100620d0     <common>
 0003:000160d4       _slrtfsWriteToFile         100620d4     <common>
 0003:000160d8       _slrtfsCloseFile           100620d8     <common>
 0003:000160dc       _slrtfsOpenFile            100620dc     <common>
 0003:000160e0       _slrtGetSgCRBSpace         100620e0     <common>
 0003:000160e4       _slrtGetCRBScratchSpace    100620e4     <common>
 0003:000160e8       _slrteSetupMSI             100620e8     <common>
 0003:000160ec       _slTestRegAssessment       100620ec     <common>
 0003:000160f0       _slTestTerminate           100620f0     <common>
 0003:000160f4       _slTestEvalOnFail          100620f4     <common>
 0003:000160f8       _slTestLogAssessments      100620f8     <common>
 0003:000160fc       _slTestInitialize          100620fc     <common>
 0003:00016100       _unRegisterPTPTimeRead     10062100     <common>
 0003:00016104       _registerPTPTimeRead       10062104     <common>
 0003:00016108       _slrteGetCurrentStepSize   10062108     <common>
 0003:0001610c       _slrteSetStepSizeDelta     1006210c     <common>
 0003:00016110       _xpceDAQUpdateTimeStamp    10062110     <common>
 0003:00016114       _xpceDAQPostEvent          10062114     <common>
 0003:00016118       _StreamVideo               10062118     <common>
 0003:0001611c       _StopVideoDisplay          1006211c     <common>
 0003:00016120       _StartVideoDisplay         10062120     <common>
 0003:00016124       _DestroyVideoDisplay       10062124     <common>
 0003:00016128       _CreateVideoDisplay        10062128     <common>
 0003:0001612c       _ConvertUImage             1006212c     <common>
 0003:00016130       _StopVideo                 10062130     <common>
 0003:00016134       _ReadFrameBuffer           10062134     <common>
 0003:00016138       _StartVideo                10062138     <common>
 0003:0001613c       _GetVideoConfigs           1006213c     <common>
 0003:00016140       _FindUsbVideoDevice        10062140     <common>
 0003:00016144       _xpceDeleteSemaphore       10062144     <common>
 0003:00016148       _xpceSignalSemaphore       10062148     <common>
 0003:0001614c       _xpceWaitSemaphore         1006214c     <common>
 0003:00016150       _xpceCreateSemaphore       10062150     <common>
 0003:00016154       _xpceScopeAcqOK            10062154     <common>
 0003:00016158       _rl32eRestartAcquisition   10062158     <common>
 0003:0001615c       _rl32eSetTargetScopeSigFt  1006215c     <common>
 0003:00016160       _rl32eSetTargetScope       10062160     <common>
 0003:00016164       ___unguarded_readlc_active 10062164     <common>
 0003:00016174       ___setlc_active            10062174     <common>
 0003:00016178       __nhandle                  10062178     <common>
 0003:000161a0       _encodedKERNEL32Functions  100621a0     <common>
 0003:00016248       __debugger_hook_dummy      10062248     <common>
 0003:00016254       __pDestructExceptionObject 10062254     <common>
 0003:00016260       __acmdln                   10062260     <common>
 0003:00016280       __bufin                    10062280     <common>
 0003:000175bc       ___piob                    100635bc     <common>
 0003:000175c0       __nstream                  100635c0     <common>
 0003:000175c4       ___dyn_tls_init_callback   100635c4     <common>
 0003:000175d4       ___onexitend               100635d4     <common>
 0003:000175d8       ___onexitbegin             100635d8     <common>
 0003:000175dc       ___mbctype_initialized     100635dc     <common>
 0003:000175e0       ___env_initialized         100635e0     <common>
 0004:00000000       __imp__GetModuleHandleA@4  10064000     kernel32:KERNEL32.dll
 0004:00000004       __imp__GetProcAddress@8    10064004     kernel32:KERNEL32.dll
 0004:00000008       __imp__HeapAlloc@12        10064008     kernel32:KERNEL32.dll
 0004:0000000c       __imp__IsDebuggerPresent@0 1006400c     kernel32:KERNEL32.dll
 0004:00000010       __imp__IsProcessorFeaturePresent@4 10064010     kernel32:KERNEL32.dll
 0004:00000014       __imp__EncodePointer@4     10064014     kernel32:KERNEL32.dll
 0004:00000018       __imp__DecodePointer@4     10064018     kernel32:KERNEL32.dll
 0004:0000001c       __imp__GetLastError@0      1006401c     kernel32:KERNEL32.dll
 0004:00000020       __imp__ExitProcess@4       10064020     kernel32:KERNEL32.dll
 0004:00000024       __imp__GetModuleHandleExW@12 10064024     kernel32:KERNEL32.dll
 0004:00000028       __imp__AreFileApisANSI@0   10064028     kernel32:KERNEL32.dll
 0004:0000002c       __imp__MultiByteToWideChar@24 1006402c     kernel32:KERNEL32.dll
 0004:00000030       __imp__WideCharToMultiByte@32 10064030     kernel32:KERNEL32.dll
 0004:00000034       __imp__HeapFree@12         10064034     kernel32:KERNEL32.dll
 0004:00000038       __imp__HeapReAlloc@16      10064038     kernel32:KERNEL32.dll
 0004:0000003c       __imp__EnterCriticalSection@4 1006403c     kernel32:KERNEL32.dll
 0004:00000040       __imp__LeaveCriticalSection@4 10064040     kernel32:KERNEL32.dll
 0004:00000044       __imp__GetStdHandle@4      10064044     kernel32:KERNEL32.dll
 0004:00000048       __imp__GetFileType@4       10064048     kernel32:KERNEL32.dll
 0004:0000004c       __imp__GetModuleFileNameW@12 1006404c     kernel32:KERNEL32.dll
 0004:00000050       __imp__WriteConsoleW@20    10064050     kernel32:KERNEL32.dll
 0004:00000054       __imp__GetCommandLineA@0   10064054     kernel32:KERNEL32.dll
 0004:00000058       __imp__GetCurrentThreadId@0 10064058     kernel32:KERNEL32.dll
 0004:0000005c       __imp__WriteFile@20        1006405c     kernel32:KERNEL32.dll
 0004:00000060       __imp__GetProcessHeap@0    10064060     kernel32:KERNEL32.dll
 0004:00000064       __imp__RaiseException@16   10064064     kernel32:KERNEL32.dll
 0004:00000068       __imp__UnhandledExceptionFilter@4 10064068     kernel32:KERNEL32.dll
 0004:0000006c       __imp__SetUnhandledExceptionFilter@4 1006406c     kernel32:KERNEL32.dll
 0004:00000070       __imp__SetLastError@4      10064070     kernel32:KERNEL32.dll
 0004:00000074       __imp__InitializeCriticalSectionAndSpinCount@8 10064074     kernel32:KERNEL32.dll
 0004:00000078       __imp__CreateEventW@16     10064078     kernel32:KERNEL32.dll
 0004:0000007c       __imp__Sleep@4             1006407c     kernel32:KERNEL32.dll
 0004:00000080       __imp__GetCurrentProcess@0 10064080     kernel32:KERNEL32.dll
 0004:00000084       __imp__TerminateProcess@8  10064084     kernel32:KERNEL32.dll
 0004:00000088       __imp__TlsAlloc@0          10064088     kernel32:KERNEL32.dll
 0004:0000008c       __imp__TlsGetValue@4       1006408c     kernel32:KERNEL32.dll
 0004:00000090       __imp__TlsSetValue@8       10064090     kernel32:KERNEL32.dll
 0004:00000094       __imp__TlsFree@4           10064094     kernel32:KERNEL32.dll
 0004:00000098       __imp__GetStartupInfoW@4   10064098     kernel32:KERNEL32.dll
 0004:0000009c       __imp__GetTickCount@0      1006409c     kernel32:KERNEL32.dll
 0004:000000a0       __imp__GetModuleHandleW@4  100640a0     kernel32:KERNEL32.dll
 0004:000000a4       __imp__CreateSemaphoreW@16 100640a4     kernel32:KERNEL32.dll
 0004:000000a8       __imp__DeleteCriticalSection@4 100640a8     kernel32:KERNEL32.dll
 0004:000000ac       __imp__FatalAppExitA@8     100640ac     kernel32:KERNEL32.dll
 0004:000000b0       __imp__SetConsoleCtrlHandler@8 100640b0     kernel32:KERNEL32.dll
 0004:000000b4       __imp__FreeLibrary@4       100640b4     kernel32:KERNEL32.dll
 0004:000000b8       __imp__LoadLibraryExW@12   100640b8     kernel32:KERNEL32.dll
 0004:000000bc       __imp__IsValidCodePage@4   100640bc     kernel32:KERNEL32.dll
 0004:000000c0       __imp__GetACP@0            100640c0     kernel32:KERNEL32.dll
 0004:000000c4       __imp__GetOEMCP@0          100640c4     kernel32:KERNEL32.dll
 0004:000000c8       __imp__GetCPInfo@8         100640c8     kernel32:KERNEL32.dll
 0004:000000cc       __imp__CloseHandle@4       100640cc     kernel32:KERNEL32.dll
 0004:000000d0       __imp__RtlUnwind@16        100640d0     kernel32:KERNEL32.dll
 0004:000000d4       __imp__ReadFile@20         100640d4     kernel32:KERNEL32.dll
 0004:000000d8       __imp__GetConsoleMode@8    100640d8     kernel32:KERNEL32.dll
 0004:000000dc       __imp__ReadConsoleW@20     100640dc     kernel32:KERNEL32.dll
 0004:000000e0       __imp__GetConsoleCP@0      100640e0     kernel32:KERNEL32.dll
 0004:000000e4       __imp__DeleteFileW@4       100640e4     kernel32:KERNEL32.dll
 0004:000000e8       __imp__SetFilePointerEx@20 100640e8     kernel32:KERNEL32.dll
 0004:000000ec       __imp__OutputDebugStringW@4 100640ec     kernel32:KERNEL32.dll
 0004:000000f0       __imp__GetCurrentThread@0  100640f0     kernel32:KERNEL32.dll
 0004:000000f4       __imp__GetModuleFileNameA@12 100640f4     kernel32:KERNEL32.dll
 0004:000000f8       __imp__QueryPerformanceCounter@4 100640f8     kernel32:KERNEL32.dll
 0004:000000fc       __imp__GetCurrentProcessId@0 100640fc     kernel32:KERNEL32.dll
 0004:00000100       __imp__GetSystemTimeAsFileTime@4 10064100     kernel32:KERNEL32.dll
 0004:00000104       __imp__GetEnvironmentStringsW@0 10064104     kernel32:KERNEL32.dll
 0004:00000108       __imp__FreeEnvironmentStringsW@4 10064108     kernel32:KERNEL32.dll
 0004:0000010c       __imp__HeapSize@12         1006410c     kernel32:KERNEL32.dll
 0004:00000110       __imp__GetDateFormatW@24   10064110     kernel32:KERNEL32.dll
 0004:00000114       __imp__GetTimeFormatW@24   10064114     kernel32:KERNEL32.dll
 0004:00000118       __imp__CompareStringW@24   10064118     kernel32:KERNEL32.dll
 0004:0000011c       __imp__LCMapStringW@24     1006411c     kernel32:KERNEL32.dll
 0004:00000120       __imp__GetLocaleInfoW@16   10064120     kernel32:KERNEL32.dll
 0004:00000124       __imp__IsValidLocale@8     10064124     kernel32:KERNEL32.dll
 0004:00000128       __imp__GetUserDefaultLCID@0 10064128     kernel32:KERNEL32.dll
 0004:0000012c       __imp__EnumSystemLocalesW@8 1006412c     kernel32:KERNEL32.dll
 0004:00000130       __imp__GetStringTypeW@16   10064130     kernel32:KERNEL32.dll
 0004:00000134       __imp__FlushFileBuffers@4  10064134     kernel32:KERNEL32.dll
 0004:00000138       __imp__SetStdHandle@8      10064138     kernel32:KERNEL32.dll
 0004:0000013c       __imp__CreateFileW@28      1006413c     kernel32:KERNEL32.dll
 0004:00000140       __imp__SetEndOfFile@4      10064140     kernel32:KERNEL32.dll
 0004:00000144       \177KERNEL32_NULL_THUNK_DATA 10064144     kernel32:KERNEL32.dll
 0004:000001b0       __IMPORT_DESCRIPTOR_KERNEL32 100641b0     kernel32:KERNEL32.dll
 0004:000001c4       __NULL_IMPORT_DESCRIPTOR   100641c4     kernel32:KERNEL32.dll

 entry point at        0001:000138bb

