const signalNameMap Control_Mov_PI_Digilent_BIOMAP[] =
  {
	{0,0,1},
	{1,1,1},
	{2,2,1},
	{5,5,1},
	{4,4,1},
	{6,6,1},
	{8,8,1},
	{7,7,1},
	{9,9,1},
	{3,3,1},
	{10,10,1},
{-1, -1,11}
  };
const signalLabelMap Control_Mov_PI_Digilent_LBLMAP[] =
  {
	{0,0,1},
	{1,1,1},
	{2,2,1},
	{3,3,1},
	{4,4,1},
	{5,5,1},
	{6,6,1},
	{7,7,1},
	{8,8,1},
	{9,9,1},
	{10,10,1},
{-1, -1,11}
  };
const signalIdMap Control_Mov_PI_Digilent_SIDMAP[] =
  {
	{0,0,1},
	{1,1,1},
	{2,2,1},
	{3,3,1},
	{4,4,1},
	{5,5,1},
	{6,6,1},
	{7,7,1},
	{8,8,1},
	{9,9,1},
	{10,10,1},
{-1, -1,11}
  };
const SortedBlockSignals  Control_Mov_PI_Digilent_SBIO[] ={
       0,
       1,
       2,
       5,
       4,
       6,
       8,
       7,
       9,
       3,
      10,
      -1
};
const SortedBlockLabels  Control_Mov_PI_Digilent_SLBL[] ={
       0,
       1,
       2,
       3,
       4,
       5,
       6,
       7,
       8,
       9,
      10,
      -1
};
const OldSortedBlockParameters  Control_Mov_PI_Digilent_PTIDSMAP[] ={
	{0,0},
	{1,1},
	{2,2},
	{3,3},
	{4,4},
	{5,5},
	{6,6},
	{7,7},
	{8,8},
	{9,9},
	{10,10},
	{11,11},
	{12,12},
	{13,13},
	{14,14},
	{15,15},
	{16,16},
	{17,17},
	{18,18},
	{19,19},
	{20,20},
	{21,21},
	{-1,-1},
};
const OldSortedBlockParameters  Control_Mov_PI_Digilent_PTNAMESMAP[] ={
	{3,3},
	{4,4},
	{13,13},
	{5,5},
	{6,6},
	{7,7},
	{8,8},
	{9,9},
	{10,10},
	{11,11},
	{12,12},
	{14,14},
	{15,15},
	{16,16},
	{17,17},
	{18,18},
	{19,19},
	{20,20},
	{2,2},
	{1,1},
	{0,0},
	{21,21},
	{-1,-1},
};
const SortedBlockParameters  Control_Mov_PI_Digilent_SPTMAP[] ={
       3,
       4,
      13,
       5,
       6,
       7,
       8,
       9,
      10,
      11,
      12,
      14,
      15,
      16,
      17,
      18,
      19,
      20,
       2,
       1,
       0,
      21,
      -1
};


const EnumElemMapInfo Control_Mov_PI_Digilent_dtmap[] = 
{
	{
		NULL,NULL,0
	},
};
